Archive member included to satisfy reference by file (symbol)

/home/remahl/toolchain-gd32v/toolchain-gd32v-linux/compiler/bin/../lib/gcc/riscv64-unknown-elf/8.3.0/rv32imac/ilp32/libgcc.a(divdf3.o)
                              build/systick.o (__divdf3)
/home/remahl/toolchain-gd32v/toolchain-gd32v-linux/compiler/bin/../lib/gcc/riscv64-unknown-elf/8.3.0/rv32imac/ilp32/libgcc.a(ledf2.o)
                              build/systick.o (__ltdf2)
/home/remahl/toolchain-gd32v/toolchain-gd32v-linux/compiler/bin/../lib/gcc/riscv64-unknown-elf/8.3.0/rv32imac/ilp32/libgcc.a(muldf3.o)
                              build/systick.o (__muldf3)
/home/remahl/toolchain-gd32v/toolchain-gd32v-linux/compiler/bin/../lib/gcc/riscv64-unknown-elf/8.3.0/rv32imac/ilp32/libgcc.a(floatunsidf.o)
                              build/systick.o (__floatunsidf)
/home/remahl/toolchain-gd32v/toolchain-gd32v-linux/compiler/bin/../lib/gcc/riscv64-unknown-elf/8.3.0/rv32imac/ilp32/libgcc.a(floatundidf.o)
                              build/systick.o (__floatundidf)
/home/remahl/toolchain-gd32v/toolchain-gd32v-linux/compiler/bin/../lib/gcc/riscv64-unknown-elf/8.3.0/rv32imac/ilp32/libgcc.a(_lshrdi3.o)
                              /home/remahl/toolchain-gd32v/toolchain-gd32v-linux/compiler/bin/../lib/gcc/riscv64-unknown-elf/8.3.0/rv32imac/ilp32/libgcc.a(floatundidf.o) (__lshrdi3)
/home/remahl/toolchain-gd32v/toolchain-gd32v-linux/compiler/bin/../lib/gcc/riscv64-unknown-elf/8.3.0/rv32imac/ilp32/libgcc.a(_ashldi3.o)
                              /home/remahl/toolchain-gd32v/toolchain-gd32v-linux/compiler/bin/../lib/gcc/riscv64-unknown-elf/8.3.0/rv32imac/ilp32/libgcc.a(floatundidf.o) (__ashldi3)
/home/remahl/toolchain-gd32v/toolchain-gd32v-linux/compiler/bin/../lib/gcc/riscv64-unknown-elf/8.3.0/rv32imac/ilp32/libgcc.a(_clzsi2.o)
                              /home/remahl/toolchain-gd32v/toolchain-gd32v-linux/compiler/bin/../lib/gcc/riscv64-unknown-elf/8.3.0/rv32imac/ilp32/libgcc.a(divdf3.o) (__clzsi2)
/home/remahl/toolchain-gd32v/toolchain-gd32v-linux/compiler/bin/../lib/gcc/riscv64-unknown-elf/8.3.0/rv32imac/ilp32/libgcc.a(_clz.o)
                              /home/remahl/toolchain-gd32v/toolchain-gd32v-linux/compiler/bin/../lib/gcc/riscv64-unknown-elf/8.3.0/rv32imac/ilp32/libgcc.a(_clzsi2.o) (__clz_tab)
/home/remahl/toolchain-gd32v/toolchain-gd32v-linux/compiler/bin/../lib/gcc/riscv64-unknown-elf/8.3.0/../../../../riscv64-unknown-elf/lib/rv32imac/ilp32/libc.a(lib_a-atexit.o)
                              build/start.o (atexit)
/home/remahl/toolchain-gd32v/toolchain-gd32v-linux/compiler/bin/../lib/gcc/riscv64-unknown-elf/8.3.0/../../../../riscv64-unknown-elf/lib/rv32imac/ilp32/libc.a(lib_a-exit.o)
                              build/start.o (exit)
/home/remahl/toolchain-gd32v/toolchain-gd32v-linux/compiler/bin/../lib/gcc/riscv64-unknown-elf/8.3.0/../../../../riscv64-unknown-elf/lib/rv32imac/ilp32/libc.a(lib_a-fini.o)
                              build/start.o (__libc_fini_array)
/home/remahl/toolchain-gd32v/toolchain-gd32v-linux/compiler/bin/../lib/gcc/riscv64-unknown-elf/8.3.0/../../../../riscv64-unknown-elf/lib/rv32imac/ilp32/libc.a(lib_a-impure.o)
                              /home/remahl/toolchain-gd32v/toolchain-gd32v-linux/compiler/bin/../lib/gcc/riscv64-unknown-elf/8.3.0/../../../../riscv64-unknown-elf/lib/rv32imac/ilp32/libc.a(lib_a-exit.o) (_global_impure_ptr)
/home/remahl/toolchain-gd32v/toolchain-gd32v-linux/compiler/bin/../lib/gcc/riscv64-unknown-elf/8.3.0/../../../../riscv64-unknown-elf/lib/rv32imac/ilp32/libc.a(lib_a-init.o)
                              build/start.o (__libc_init_array)
/home/remahl/toolchain-gd32v/toolchain-gd32v-linux/compiler/bin/../lib/gcc/riscv64-unknown-elf/8.3.0/../../../../riscv64-unknown-elf/lib/rv32imac/ilp32/libc.a(lib_a-memset.o)
                              build/main.o (memset)
/home/remahl/toolchain-gd32v/toolchain-gd32v-linux/compiler/bin/../lib/gcc/riscv64-unknown-elf/8.3.0/../../../../riscv64-unknown-elf/lib/rv32imac/ilp32/libc.a(lib_a-sprintf.o)
                              build/main.o (sprintf)
/home/remahl/toolchain-gd32v/toolchain-gd32v-linux/compiler/bin/../lib/gcc/riscv64-unknown-elf/8.3.0/../../../../riscv64-unknown-elf/lib/rv32imac/ilp32/libc.a(lib_a-strlen.o)
                              build/main.o (strlen)
/home/remahl/toolchain-gd32v/toolchain-gd32v-linux/compiler/bin/../lib/gcc/riscv64-unknown-elf/8.3.0/../../../../riscv64-unknown-elf/lib/rv32imac/ilp32/libc.a(lib_a-strncpy.o)
                              build/main.o (strncpy)
/home/remahl/toolchain-gd32v/toolchain-gd32v-linux/compiler/bin/../lib/gcc/riscv64-unknown-elf/8.3.0/../../../../riscv64-unknown-elf/lib/rv32imac/ilp32/libc.a(lib_a-svfprintf.o)
                              /home/remahl/toolchain-gd32v/toolchain-gd32v-linux/compiler/bin/../lib/gcc/riscv64-unknown-elf/8.3.0/../../../../riscv64-unknown-elf/lib/rv32imac/ilp32/libc.a(lib_a-sprintf.o) (_svfprintf_r)
[...]
Memory Configuration

Name             Origin             Length             Attributes
flash            0x0000000008000000 0x0000000000020000 axrl !w
ram              0x0000000020000000 0x0000000000008000 axw !rl
*default*        0x0000000000000000 0xffffffffffffffff

Linker script and memory map

LOAD build/gd32vf103_eclic.o
LOAD build/gd32vf103_dma.o
LOAD build/gd32vf103_exmc.o
LOAD build/gd32vf103_dac.o
LOAD build/gd32vf103_can.o
LOAD build/gd32vf103_rtc.o
LOAD build/gd32vf103_i2c.o
LOAD build/gd32vf103_fmc.o
LOAD build/gd32vf103_timer.o
LOAD build/gd32vf103_fwdgt.o
LOAD build/gd32vf103_crc.o
LOAD build/gd32vf103_usart.o
LOAD build/gd32vf103_bkp.o
LOAD build/gd32vf103_dbg.o
LOAD build/gd32vf103_pmu.o
LOAD build/gd32vf103_exti.o
LOAD build/gd32vf103_adc.o
LOAD build/gd32vf103_rcu.o
LOAD build/gd32vf103_spi.o
LOAD build/gd32vf103_gpio.o
LOAD build/gd32vf103_wwdgt.o
LOAD build/system_gd32vf103.o
LOAD build/read.o
LOAD build/isatty.o
LOAD build/close.o
LOAD build/_exit.o
LOAD build/write_hex.o
LOAD build/lseek.o
LOAD build/fstat.o
LOAD build/sbrk.o
LOAD build/write.o
LOAD build/n200_func.o
LOAD build/handlers.o
LOAD build/init.o
LOAD build/liobt.o
LOAD build/main.o
LOAD build/systick.o
LOAD build/start.o
LOAD build/entry.o
LOAD /home/remahl/toolchain-gd32v/toolchain-gd32v-linux/compiler/bin/../lib/gcc/riscv64-unknown-elf/8.3.0/rv32imac/ilp32/libgcc.a
START GROUP
LOAD /home/remahl/toolchain-gd32v/toolchain-gd32v-linux/compiler/bin/../lib/gcc/riscv64-unknown-elf/8.3.0/../../../../riscv64-unknown-elf/lib/rv32imac/ilp32/libc.a
LOAD /home/remahl/toolchain-gd32v/toolchain-gd32v-linux/compiler/bin/../lib/gcc/riscv64-unknown-elf/8.3.0/../../../../riscv64-unknown-elf/lib/rv32imac/ilp32/libgloss.a
END GROUP
LOAD /home/remahl/toolchain-gd32v/toolchain-gd32v-linux/compiler/bin/../lib/gcc/riscv64-unknown-elf/8.3.0/rv32imac/ilp32/libgcc.a
                0x0000000000001000                __stack_size = DEFINED (__stack_size)?__stack_size:0x1000

.init           0x0000000008000000      0x254
 *(SORT_NONE(.init))
 .init          0x0000000008000000      0x254 build/start.o
                0x000000000800015c                _start
                0x0000000008000246                disable_mcycle_minstret
                0x000000000800024c                enable_mcycle_minstret

.ilalign        0x0000000008000254        0x0
                0x0000000008000254                . = ALIGN (0x4)
                [!provide]                        PROVIDE (_ilm_lma = .)

.ialign         0x0000000008000254        0x0
                [!provide]                        PROVIDE (_ilm = .)

.text           0x0000000008000280     0xcb22
 *(.rodata .rodata.*)
 .rodata._exit.str1.4
                0x0000000008000280       0x1f build/_exit.o
                                         0x23 (size before relaxing)
 *fill*         0x000000000800029f        0x1 
 .rodata.write_hex.str1.4
                0x00000000080002a0        0x3 build/write_hex.o
 *fill*         0x00000000080002a3        0x1 
 .rodata.handle_nmi.str1.4
                0x00000000080002a4        0x5 build/handlers.o
 *fill*         0x00000000080002a9        0x3 
 .rodata.handle_trap.str1.4
                0x00000000080002ac        0x6 build/handlers.o
 *fill*         0x00000000080002b2        0x2 
 .rodata.write_handle_raw.str1.4
                0x00000000080002b4       0x25 build/main.o
 *fill*         0x00000000080002d9        0x7 
 .rodata.delay_1ms.cst8
                0x00000000080002e0        0x8 build/systick.o
 .rodata        0x00000000080002e8       0x3c /home/remahl/toolchain-gd32v/toolchain-gd32v-linux/compiler/bin/../lib/gcc/riscv64-unknown-elf/8.3.0/rv32imac/ilp32/libgcc.a(divdf3.o)
 .rodata        0x0000000008000324       0x3c /home/remahl/toolchain-gd32v/toolchain-gd32v-linux/compiler/bin/../lib/gcc/riscv64-unknown-elf/8.3.0/rv32imac/ilp32/libgcc.a(muldf3.o)
 .rodata        0x0000000008000360      0x100 /home/remahl/toolchain-gd32v/toolchain-gd32v-linux/compiler/bin/../lib/gcc/riscv64-unknown-elf/8.3.0/rv32imac/ilp32/libgcc.a(_clz.o)
                0x0000000008000360                __clz_tab
 .rodata        0x0000000008000460      0x18c /home/remahl/toolchain-gd32v/toolchain-gd32v-linux/compiler/bin/../lib/gcc/riscv64-unknown-elf/8.3.0/../../../../riscv64-unknown-elf/lib/rv32imac/ilp32/libc.a(lib_a-svfprintf.o)
 .rodata.str1.4
                0x00000000080005ec       0x2e /home/remahl/toolchain-gd32v/toolchain-gd32v-linux/compiler/bin/../lib/gcc/riscv64-unknown-elf/8.3.0/../../../../riscv64-unknown-elf/lib/rv32imac/ilp32/libc.a(lib_a-svfprintf.o)
                                         0x42 (size before relaxing)
 *fill*         0x000000000800061a        0x2 
 .rodata        0x000000000800061c      0x252 /home/remahl/toolchain-gd32v/toolchain-gd32v-linux/compiler/bin/../lib/gcc/riscv64-unknown-elf/8.3.0/../../../../riscv64-unknown-elf/lib/rv32imac/ilp32/libc.a(lib_a-ldtoa.o)
 *fill*         0x000000000800086e        0x2 
 .rodata.str1.4
                0x0000000008000870       0x28 /home/remahl/toolchain-gd32v/toolchain-gd32v-linux/compiler/bin/../lib/gcc/riscv64-unknown-elf/8.3.0/../../../../riscv64-unknown-elf/lib/rv32imac/ilp32/libc.a(lib_a-ldtoa.o)
 .rodata.str1.4
                0x0000000008000898       0x10 /home/remahl/toolchain-gd32v/toolchain-gd32v-linux/compiler/bin/../lib/gcc/riscv64-unknown-elf/8.3.0/../../../../riscv64-unknown-elf/lib/rv32imac/ilp32/libc.a(lib_a-locale.o)
                                         0x12 (size before relaxing)
 .rodata        0x00000000080008a8      0x128 /home/remahl/toolchain-gd32v/toolchain-gd32v-linux/compiler/bin/../lib/gcc/riscv64-unknown-elf/8.3.0/../../../../riscv64-unknown-elf/lib/rv32imac/ilp32/libc.a(lib_a-mprec.o)
                0x00000000080008b8                __mprec_tens
                0x0000000008000980                __mprec_tinytens
                0x00000000080009a8                __mprec_bigtens
 .rodata        0x00000000080009d0      0x18c /home/remahl/toolchain-gd32v/toolchain-gd32v-linux/compiler/bin/../lib/gcc/riscv64-unknown-elf/8.3.0/../../../../riscv64-unknown-elf/lib/rv32imac/ilp32/libc.a(lib_a-svfiprintf.o)
 .rodata.str1.4
                0x0000000008000b5c       0x2f /home/remahl/toolchain-gd32v/toolchain-gd32v-linux/compiler/bin/../lib/gcc/riscv64-unknown-elf/8.3.0/../../../../riscv64-unknown-elf/lib/rv32imac/ilp32/libc.a(lib_a-svfiprintf.o)
 .rodata        0x0000000008000b5c      0x101 /home/remahl/toolchain-gd32v/toolchain-gd32v-linux/compiler/bin/../lib/gcc/riscv64-unknown-elf/8.3.0/../../../../riscv64-unknown-elf/lib/rv32imac/ilp32/libc.a(lib_a-ctype_.o)
                0x0000000008000b5c                _ctype_
 *fill*         0x0000000008000c5d        0x3 
 .rodata        0x0000000008000c60       0x3c /home/remahl/toolchain-gd32v/toolchain-gd32v-linux/compiler/bin/../lib/gcc/riscv64-unknown-elf/8.3.0/rv32imac/ilp32/libgcc.a(multf3.o)
 *(.text.unlikely .text.unlikely.*)
 *(.text.startup .text.startup.*)
 .text.startup.main
                0x0000000008000c9c       0xca build/main.o
                0x0000000008000c9c                main
 .text.startup  0x0000000008000d66       0x1c /home/remahl/toolchain-gd32v/toolchain-gd32v-linux/compiler/bin/../lib/gcc/riscv64-unknown-elf/8.3.0/../../../../riscv64-unknown-elf/lib/rv32imac/ilp32/libc.a(lib_a-__call_atexit.o)
 *(.text .text.*)
 .text.eclic_global_interrupt_enable
                0x0000000008000d82        0x6 build/gd32vf103_eclic.o
                0x0000000008000d82                eclic_global_interrupt_enable
 .text.eclic_priority_group_set
                0x0000000008000d88        0x8 build/gd32vf103_eclic.o
                0x0000000008000d88                eclic_priority_group_set
 .text.eclic_irq_enable
                0x0000000008000d90       0x3a build/gd32vf103_eclic.o
                0x0000000008000d90                eclic_irq_enable
 .text.dma_deinit
                0x0000000008000dca       0x44 build/gd32vf103_dma.o
                0x0000000008000dca                dma_deinit
 .text.dma_init
                0x0000000008000e0e       0x98 build/gd32vf103_dma.o
                0x0000000008000e0e                dma_init
 .text.dma_circulation_enable
                0x0000000008000ea6       0x28 build/gd32vf103_dma.o
                0x0000000008000ea6                dma_circulation_enable
 .text.dma_circulation_disable
                0x0000000008000ece       0x28 build/gd32vf103_dma.o
                0x0000000008000ece                dma_circulation_disable
 .text.dma_channel_enable
                0x0000000008000ef6       0x28 build/gd32vf103_dma.o
                0x0000000008000ef6                dma_channel_enable
 .text.dma_flag_clear
                0x0000000008000f1e        0xe build/gd32vf103_dma.o
                0x0000000008000f1e                dma_flag_clear
 .text.dma_interrupt_flag_get
                0x0000000008000f2c       0x6e build/gd32vf103_dma.o
                0x0000000008000f2c                dma_interrupt_flag_get
 .text.dma_interrupt_flag_clear
                0x0000000008000f9a        0x8 build/gd32vf103_dma.o
                0x0000000008000f9a                dma_interrupt_flag_clear
 .text.dma_interrupt_enable
                0x0000000008000fa2       0x26 build/gd32vf103_dma.o
                0x0000000008000fa2                dma_interrupt_enable
 .text.timer_deinit
                0x0000000008000fc8      0x10e build/gd32vf103_timer.o
                0x0000000008000fc8                timer_deinit
 .text.timer_struct_para_init
                0x00000000080010d6       0x18 build/gd32vf103_timer.o
                0x00000000080010d6                timer_struct_para_init
 .text.timer_init
                0x00000000080010ee       0xc0 build/gd32vf103_timer.o
                0x00000000080010ee                timer_init
 .text.timer_enable
                0x00000000080011ae        0xa build/gd32vf103_timer.o
                0x00000000080011ae                timer_enable
 .text.timer_auto_reload_shadow_enable
                0x00000000080011b8        0xa build/gd32vf103_timer.o
                0x00000000080011b8                timer_auto_reload_shadow_enable
 .text.timer_channel_output_struct_para_init
                0x00000000080011c2       0x1a build/gd32vf103_timer.o
                0x00000000080011c2                timer_channel_output_struct_para_init
 .text.timer_channel_output_config
                0x00000000080011dc      0x25c build/gd32vf103_timer.o
                0x00000000080011dc                timer_channel_output_config
 .text.timer_channel_output_mode_config
                0x0000000008001438       0x5e build/gd32vf103_timer.o
                0x0000000008001438                timer_channel_output_mode_config
 .text.timer_channel_output_pulse_value_config
                0x0000000008001496       0x26 build/gd32vf103_timer.o
                0x0000000008001496                timer_channel_output_pulse_value_config
 .text.timer_channel_output_shadow_config
                0x00000000080014bc       0x5e build/gd32vf103_timer.o
                0x00000000080014bc                timer_channel_output_shadow_config
 .text.usart_deinit
                0x000000000800151a       0xca build/gd32vf103_usart.o
                0x000000000800151a                usart_deinit
 .text.usart_baudrate_set
                0x00000000080015e4       0x74 build/gd32vf103_usart.o
                0x00000000080015e4                usart_baudrate_set
 .text.usart_parity_config
                0x0000000008001658       0x10 build/gd32vf103_usart.o
                0x0000000008001658                usart_parity_config
 .text.usart_word_length_set
                0x0000000008001668       0x12 build/gd32vf103_usart.o
                0x0000000008001668                usart_word_length_set
 .text.usart_stop_bit_set
                0x000000000800167a       0x12 build/gd32vf103_usart.o
                0x000000000800167a                usart_stop_bit_set
 .text.usart_enable
                0x000000000800168c        0xa build/gd32vf103_usart.o
                0x000000000800168c                usart_enable
 .text.usart_transmit_config
                0x0000000008001696        0xa build/gd32vf103_usart.o
                0x0000000008001696                usart_transmit_config
 .text.usart_receive_config
                0x00000000080016a0        0xa build/gd32vf103_usart.o
                0x00000000080016a0                usart_receive_config
 .text.usart_hardware_flow_rts_config
                0x00000000080016aa        0xc build/gd32vf103_usart.o
                0x00000000080016aa                usart_hardware_flow_rts_config
 .text.usart_hardware_flow_cts_config
                0x00000000080016b6        0xc build/gd32vf103_usart.o
                0x00000000080016b6                usart_hardware_flow_cts_config
 .text.usart_dma_receive_config
                0x00000000080016c2        0xc build/gd32vf103_usart.o
                0x00000000080016c2                usart_dma_receive_config
 .text.usart_dma_transmit_config
                0x00000000080016ce        0xc build/gd32vf103_usart.o
                0x00000000080016ce                usart_dma_transmit_config
 .text.adc_deinit
                0x00000000080016da       0x5a build/gd32vf103_adc.o
                0x00000000080016da                adc_deinit
 .text.adc_mode_config
                0x0000000008001734       0x20 build/gd32vf103_adc.o
                0x0000000008001734                adc_mode_config
 .text.adc_special_function_config
                0x0000000008001754       0x52 build/gd32vf103_adc.o
                0x0000000008001754                adc_special_function_config
 .text.adc_data_alignment_config
                0x00000000080017a6       0x1c build/gd32vf103_adc.o
                0x00000000080017a6                adc_data_alignment_config
 .text.adc_enable
                0x00000000080017c2       0x10 build/gd32vf103_adc.o
                0x00000000080017c2                adc_enable
 .text.adc_calibration_enable
                0x00000000080017d2       0x22 build/gd32vf103_adc.o
                0x00000000080017d2                adc_calibration_enable
 .text.adc_dma_mode_enable
                0x00000000080017f4        0xa build/gd32vf103_adc.o
                0x00000000080017f4                adc_dma_mode_enable
 .text.adc_channel_length_config
                0x00000000080017fe       0x4a build/gd32vf103_adc.o
                0x00000000080017fe                adc_channel_length_config
 .text.adc_regular_channel_config
                0x0000000008001848       0xbc build/gd32vf103_adc.o
                0x0000000008001848                adc_regular_channel_config
 .text.adc_external_trigger_source_config
                0x0000000008001904       0x34 build/gd32vf103_adc.o
                0x0000000008001904                adc_external_trigger_source_config
 .text.adc_external_trigger_config
                0x0000000008001938       0x44 build/gd32vf103_adc.o
                0x0000000008001938                adc_external_trigger_config
 .text.rcu_periph_clock_enable
                0x000000000800197c       0x18 build/gd32vf103_rcu.o
                0x000000000800197c                rcu_periph_clock_enable
 .text.rcu_periph_reset_enable
                0x0000000008001994       0x18 build/gd32vf103_rcu.o
                0x0000000008001994                rcu_periph_reset_enable
 .text.rcu_periph_reset_disable
                0x00000000080019ac       0x1c build/gd32vf103_rcu.o
                0x00000000080019ac                rcu_periph_reset_disable
 .text.rcu_clock_freq_get
                0x00000000080019c8      0x13c build/gd32vf103_rcu.o
                0x00000000080019c8                rcu_clock_freq_get
 .text.gpio_init
                0x0000000008001b04       0xa8 build/gd32vf103_gpio.o
                0x0000000008001b04                gpio_init
 .text.SystemInit
                0x0000000008001bac      0x11e build/system_gd32vf103.o
                0x0000000008001bac                SystemInit
 .text._exit    0x0000000008001cca       0x78 build/_exit.o
                0x0000000008001cca                _exit
 .text.write_hex
                0x0000000008001d42       0x9a build/write_hex.o
                0x0000000008001d42                write_hex
 .text._sbrk    0x0000000008001ddc       0x30 build/sbrk.o
                0x0000000008001ddc                _sbrk
 .text.get_timer_value
                0x0000000008001e0c       0x10 build/n200_func.o
                0x0000000008001e0c                get_timer_value
 .text.eclic_init
                0x0000000008001e1c       0x24 build/n200_func.o
                0x0000000008001e1c                eclic_init
 .text.eclic_enable_interrupt
                0x0000000008001e40       0x12 build/n200_func.o
                0x0000000008001e40                eclic_enable_interrupt
 .text.eclic_set_nlbits
                0x0000000008001e52       0x18 build/n200_func.o
                0x0000000008001e52                eclic_set_nlbits
 .text.eclic_set_irq_lvl_abs
                0x0000000008001e6a       0x48 build/n200_func.o
                0x0000000008001e6a                eclic_set_irq_lvl_abs
 .text.eclic_set_irq_priority
                0x0000000008001eb2       0x4a build/n200_func.o
                0x0000000008001eb2                eclic_set_irq_priority
 .text.eclic_mode_enable
                0x0000000008001efc       0x12 build/n200_func.o
                0x0000000008001efc                eclic_mode_enable
 .text.handle_nmi
                0x0000000008001f0e       0x22 build/handlers.o
                0x0000000008001f0e                handle_nmi
 .text.handle_trap
                0x0000000008001f30       0x3a build/handlers.o
                0x0000000008001f30                handle_trap
 .text._init    0x0000000008001f6a       0x2c build/init.o
                0x0000000008001f6a                _init
 .text._fini    0x0000000008001f96        0x2 build/init.o
                0x0000000008001f96                _fini
 .text.lio_init_bt
                0x0000000008001f98      0x172 build/liobt.o
                0x0000000008001f98                lio_init_bt
 .text.lio_send_bt
                0x000000000800210a       0xa8 build/liobt.o
                0x000000000800210a                lio_send_bt
 .text.write_handle_raw
                0x00000000080021b2       0xd6 build/main.o
                0x00000000080021b2                write_handle_raw
 .text.rcu_config
                0x0000000008002288       0x38 build/main.o
                0x0000000008002288                rcu_config
 .text.timer_config
                0x00000000080022c0       0xac build/main.o
                0x00000000080022c0                timer_config
 .text.adc_config
                0x000000000800236c       0xce build/main.o
                0x000000000800236c                adc_config
 .text.dma_config
                0x000000000800243a       0xb2 build/main.o
                0x000000000800243a                dma_config
 .text.config_clic_irqs
                0x00000000080024ec       0x28 build/main.o
                0x00000000080024ec                config_clic_irqs
 .text.DMA0_Channel0_IRQHandler
                0x0000000008002514       0x70 build/main.o
                0x0000000008002514                DMA0_Channel0_IRQHandler
 .text.delay_1ms
                0x0000000008002584       0xce build/systick.o
                0x0000000008002584                delay_1ms
 *fill*         0x0000000008002652       0x2e 
 .text.trap     0x0000000008002680       0x82 build/entry.o
                0x0000000008002680                trap_entry
 *fill*         0x0000000008002702        0x2 
 .text.irq      0x0000000008002704       0x72 build/entry.o
                0x0000000008002704                irq_entry
 .text          0x0000000008002776      0x546 /home/remahl/toolchain-gd32v/toolchain-gd32v-linux/compiler/bin/../lib/gcc/riscv64-unknown-elf/8.3.0/rv32imac/ilp32/libgcc.a(divdf3.o)
                0x0000000008002776                __divdf3
 .text          0x0000000008002cbc       0xa4 /home/remahl/toolchain-gd32v/toolchain-gd32v-linux/compiler/bin/../lib/gcc/riscv64-unknown-elf/8.3.0/rv32imac/ilp32/libgcc.a(ledf2.o)
                0x0000000008002cbc                __ltdf2
                0x0000000008002cbc                __ledf2
 .text          0x0000000008002d60      0x44c /home/remahl/toolchain-gd32v/toolchain-gd32v-linux/compiler/bin/../lib/gcc/riscv64-unknown-elf/8.3.0/rv32imac/ilp32/libgcc.a(muldf3.o)
                0x0000000008002d60                __muldf3
 .text          0x00000000080031ac       0x56 /home/remahl/toolchain-gd32v/toolchain-gd32v-linux/compiler/bin/../lib/gcc/riscv64-unknown-elf/8.3.0/rv32imac/ilp32/libgcc.a(floatunsidf.o)
                0x00000000080031ac                __floatunsidf
 .text          0x0000000008003202      0x166 /home/remahl/toolchain-gd32v/toolchain-gd32v-linux/compiler/bin/../lib/gcc/riscv64-unknown-elf/8.3.0/rv32imac/ilp32/libgcc.a(floatundidf.o)
                0x0000000008003202                __floatundidf
 .text          0x0000000008003368       0x2a /home/remahl/toolchain-gd32v/toolchain-gd32v-linux/compiler/bin/../lib/gcc/riscv64-unknown-elf/8.3.0/rv32imac/ilp32/libgcc.a(_lshrdi3.o)
                0x0000000008003368                __lshrdi3
 .text          0x0000000008003392       0x2a /home/remahl/toolchain-gd32v/toolchain-gd32v-linux/compiler/bin/../lib/gcc/riscv64-unknown-elf/8.3.0/rv32imac/ilp32/libgcc.a(_ashldi3.o)
                0x0000000008003392                __ashldi3
 .text          0x00000000080033bc       0x3c /home/remahl/toolchain-gd32v/toolchain-gd32v-linux/compiler/bin/../lib/gcc/riscv64-unknown-elf/8.3.0/rv32imac/ilp32/libgcc.a(_clzsi2.o)
                0x00000000080033bc                __clzsi2
 .text          0x00000000080033f8       0x10 /home/remahl/toolchain-gd32v/toolchain-gd32v-linux/compiler/bin/../lib/gcc/riscv64-unknown-elf/8.3.0/../../../../riscv64-unknown-elf/lib/rv32imac/ilp32/libc.a(lib_a-atexit.o)
                0x00000000080033f8                atexit
 .text          0x0000000008003408       0x2c /home/remahl/toolchain-gd32v/toolchain-gd32v-linux/compiler/bin/../lib/gcc/riscv64-unknown-elf/8.3.0/../../../../riscv64-unknown-elf/lib/rv32imac/ilp32/libc.a(lib_a-exit.o)
                0x0000000008003408                exit
 .text          0x0000000008003434       0x3a /home/remahl/toolchain-gd32v/toolchain-gd32v-linux/compiler/bin/../lib/gcc/riscv64-unknown-elf/8.3.0/../../../../riscv64-unknown-elf/lib/rv32imac/ilp32/libc.a(lib_a-fini.o)
                0x0000000008003434                __libc_fini_array
 .text          0x000000000800346e       0x6a /home/remahl/toolchain-gd32v/toolchain-gd32v-linux/compiler/bin/../lib/gcc/riscv64-unknown-elf/8.3.0/../../../../riscv64-unknown-elf/lib/rv32imac/ilp32/libc.a(lib_a-init.o)
                0x000000000800346e                __libc_init_array
 .text          0x00000000080034d8       0xa8 /home/remahl/toolchain-gd32v/toolchain-gd32v-linux/compiler/bin/../lib/gcc/riscv64-unknown-elf/8.3.0/../../../../riscv64-unknown-elf/lib/rv32imac/ilp32/libc.a(lib_a-memset.o)
                0x00000000080034d8                memset
 .text          0x0000000008003580       0x9a /home/remahl/toolchain-gd32v/toolchain-gd32v-linux/compiler/bin/../lib/gcc/riscv64-unknown-elf/8.3.0/../../../../riscv64-unknown-elf/lib/rv32imac/ilp32/libc.a(lib_a-sprintf.o)
                0x0000000008003580                _sprintf_r
                0x00000000080035c6                sprintf
 .text          0x000000000800361a       0x66 /home/remahl/toolchain-gd32v/toolchain-gd32v-linux/compiler/bin/../lib/gcc/riscv64-unknown-elf/8.3.0/../../../../riscv64-unknown-elf/lib/rv32imac/ilp32/libc.a(lib_a-strlen.o)
                0x000000000800361a                strlen
 .text          0x0000000008003680       0x98 /home/remahl/toolchain-gd32v/toolchain-gd32v-linux/compiler/bin/../lib/gcc/riscv64-unknown-elf/8.3.0/../../../../riscv64-unknown-elf/lib/rv32imac/ilp32/libc.a(lib_a-strncpy.o)
                0x0000000008003680                strncpy
 .text          0x0000000008003718     0x1eac /home/remahl/toolchain-gd32v/toolchain-gd32v-linux/compiler/bin/../lib/gcc/riscv64-unknown-elf/8.3.0/../../../../riscv64-unknown-elf/lib/rv32imac/ilp32/libc.a(lib_a-svfprintf.o)
                0x0000000008003718                _svfprintf_r
 .text          0x00000000080055c4       0x18 /home/remahl/toolchain-gd32v/toolchain-gd32v-linux/compiler/bin/../lib/gcc/riscv64-unknown-elf/8.3.0/../../../../riscv64-unknown-elf/lib/rv32imac/ilp32/libc.a(lib_a-syswrite.o)
                0x00000000080055c4                write
 .text          0x00000000080055dc       0x44 /home/remahl/toolchain-gd32v/toolchain-gd32v-linux/compiler/bin/../lib/gcc/riscv64-unknown-elf/8.3.0/../../../../riscv64-unknown-elf/lib/rv32imac/ilp32/libc.a(lib_a-writer.o)
                0x00000000080055dc                _write_r
 .text          0x0000000008005620       0x72 /home/remahl/toolchain-gd32v/toolchain-gd32v-linux/compiler/bin/../lib/gcc/riscv64-unknown-elf/8.3.0/../../../../riscv64-unknown-elf/lib/rv32imac/ilp32/libc.a(lib_a-__atexit.o)
                0x0000000008005620                __register_exitproc
 .text          0x0000000008005692       0xc2 /home/remahl/toolchain-gd32v/toolchain-gd32v-linux/compiler/bin/../lib/gcc/riscv64-unknown-elf/8.3.0/../../../../riscv64-unknown-elf/lib/rv32imac/ilp32/libc.a(lib_a-__call_atexit.o)
                0x0000000008005692                __call_exitprocs
 .text          0x0000000008005754      0x350 /home/remahl/toolchain-gd32v/toolchain-gd32v-linux/compiler/bin/../lib/gcc/riscv64-unknown-elf/8.3.0/../../../../riscv64-unknown-elf/lib/rv32imac/ilp32/libc.a(lib_a-freer.o)
                0x0000000008005754                _malloc_trim_r
                0x0000000008005848                _free_r
 .text          0x0000000008005aa4     0x219c /home/remahl/toolchain-gd32v/toolchain-gd32v-linux/compiler/bin/../lib/gcc/riscv64-unknown-elf/8.3.0/../../../../riscv64-unknown-elf/lib/rv32imac/ilp32/libc.a(lib_a-ldtoa.o)
                0x0000000008006cf2                _ldtoa_r
                0x0000000008007bfa                _ldcheck
 .text          0x0000000008007c40       0x1a /home/remahl/toolchain-gd32v/toolchain-gd32v-linux/compiler/bin/../lib/gcc/riscv64-unknown-elf/8.3.0/../../../../riscv64-unknown-elf/lib/rv32imac/ilp32/libc.a(lib_a-localeconv.o)
                0x0000000008007c40                __localeconv_l
                0x0000000008007c46                _localeconv_r
                0x0000000008007c50                localeconv
 .text          0x0000000008007c5a      0x684 /home/remahl/toolchain-gd32v/toolchain-gd32v-linux/compiler/bin/../lib/gcc/riscv64-unknown-elf/8.3.0/../../../../riscv64-unknown-elf/lib/rv32imac/ilp32/libc.a(lib_a-mallocr.o)
                0x0000000008007c5a                _malloc_r
 .text          0x00000000080082de       0x4e /home/remahl/toolchain-gd32v/toolchain-gd32v-linux/compiler/bin/../lib/gcc/riscv64-unknown-elf/8.3.0/../../../../riscv64-unknown-elf/lib/rv32imac/ilp32/libc.a(lib_a-mbtowc_r.o)
                0x00000000080082de                _mbtowc_r
                0x00000000080082ec                __ascii_mbtowc
 .text          0x000000000800832c       0xa8 /home/remahl/toolchain-gd32v/toolchain-gd32v-linux/compiler/bin/../lib/gcc/riscv64-unknown-elf/8.3.0/../../../../riscv64-unknown-elf/lib/rv32imac/ilp32/libc.a(lib_a-memchr.o)
                0x000000000800832c                memchr
 .text          0x00000000080083d4        0x4 /home/remahl/toolchain-gd32v/toolchain-gd32v-linux/compiler/bin/../lib/gcc/riscv64-unknown-elf/8.3.0/../../../../riscv64-unknown-elf/lib/rv32imac/ilp32/libc.a(lib_a-mlock.o)
                0x00000000080083d4                __malloc_lock
                0x00000000080083d6                __malloc_unlock
 .text          0x00000000080083d8      0xaf8 /home/remahl/toolchain-gd32v/toolchain-gd32v-linux/compiler/bin/../lib/gcc/riscv64-unknown-elf/8.3.0/../../../../riscv64-unknown-elf/lib/rv32imac/ilp32/libc.a(lib_a-mprec.o)
                0x00000000080083d8                _Balloc
                0x0000000008008446                _Bfree
                0x0000000008008458                __multadd
                0x0000000008008514                __s2b
                0x00000000080085c8                __hi0bits
                0x0000000008008610                __lo0bits
                0x000000000800867e                __i2b
                0x000000000800869e                __multiply
                0x0000000008008818                __pow5mult
                0x00000000080088f2                __lshift
                0x00000000080089dc                __mcmp
                0x0000000008008a16                __mdiff
                0x0000000008008b60                __ulp
                0x0000000008008ba6                __b2d
                0x0000000008008c74                __d2b
                0x0000000008008d60                __ratio
                0x0000000008008dce                _mprec_log10
                0x0000000008008e36                __copybits
                0x0000000008008e7c                __any_on
 .text          0x0000000008008ed0       0x3e /home/remahl/toolchain-gd32v/toolchain-gd32v-linux/compiler/bin/../lib/gcc/riscv64-unknown-elf/8.3.0/../../../../riscv64-unknown-elf/lib/rv32imac/ilp32/libc.a(lib_a-sbrkr.o)
                0x0000000008008ed0                _sbrk_r
 .text          0x0000000008008f0e       0x80 /home/remahl/toolchain-gd32v/toolchain-gd32v-linux/compiler/bin/../lib/gcc/riscv64-unknown-elf/8.3.0/../../../../riscv64-unknown-elf/lib/rv32imac/ilp32/libc.a(lib_a-s_frexp.o)
                0x0000000008008f0e                frexp
 .text          0x0000000008008f8e       0x7a /home/remahl/toolchain-gd32v/toolchain-gd32v-linux/compiler/bin/../lib/gcc/riscv64-unknown-elf/8.3.0/../../../../riscv64-unknown-elf/lib/rv32imac/ilp32/libc.a(lib_a-strcpy.o)
                0x0000000008008f8e                strcpy
 .text          0x0000000008009008      0xdc4 /home/remahl/toolchain-gd32v/toolchain-gd32v-linux/compiler/bin/../lib/gcc/riscv64-unknown-elf/8.3.0/../../../../riscv64-unknown-elf/lib/rv32imac/ilp32/libc.a(lib_a-svfiprintf.o)
                0x0000000008009008                __ssprint_r
                0x0000000008009148                _svfiprintf_r
 .text          0x0000000008009dcc       0x2e /home/remahl/toolchain-gd32v/toolchain-gd32v-linux/compiler/bin/../lib/gcc/riscv64-unknown-elf/8.3.0/../../../../riscv64-unknown-elf/lib/rv32imac/ilp32/libc.a(lib_a-wctomb_r.o)
                0x0000000008009dcc                _wctomb_r
                0x0000000008009dda                __ascii_wctomb
 .text          0x0000000008009dfa       0x8a /home/remahl/toolchain-gd32v/toolchain-gd32v-linux/compiler/bin/../lib/gcc/riscv64-unknown-elf/8.3.0/../../../../riscv64-unknown-elf/lib/rv32imac/ilp32/libc.a(lib_a-callocr.o)
                0x0000000008009dfa                _calloc_r
 .text          0x0000000008009e84       0xe2 /home/remahl/toolchain-gd32v/toolchain-gd32v-linux/compiler/bin/../lib/gcc/riscv64-unknown-elf/8.3.0/../../../../riscv64-unknown-elf/lib/rv32imac/ilp32/libc.a(lib_a-memcpy.o)
                0x0000000008009e84                memcpy
 .text          0x0000000008009f66       0xd0 /home/remahl/toolchain-gd32v/toolchain-gd32v-linux/compiler/bin/../lib/gcc/riscv64-unknown-elf/8.3.0/../../../../riscv64-unknown-elf/lib/rv32imac/ilp32/libc.a(lib_a-memmove-stub.o)
                0x0000000008009f66                memmove
 .text          0x000000000800a036      0x4a8 /home/remahl/toolchain-gd32v/toolchain-gd32v-linux/compiler/bin/../lib/gcc/riscv64-unknown-elf/8.3.0/../../../../riscv64-unknown-elf/lib/rv32imac/ilp32/libc.a(lib_a-reallocr.o)
                0x000000000800a036                _realloc_r
 .text          0x000000000800a4de       0x36 /home/remahl/toolchain-gd32v/toolchain-gd32v-linux/compiler/bin/../lib/gcc/riscv64-unknown-elf/8.3.0/../../../../riscv64-unknown-elf/lib/rv32imac/ilp32/libgloss.a(sys_write.o)
                0x000000000800a4de                _write
 .text          0x000000000800a514        0xc /home/remahl/toolchain-gd32v/toolchain-gd32v-linux/compiler/bin/../lib/gcc/riscv64-unknown-elf/8.3.0/../../../../riscv64-unknown-elf/lib/rv32imac/ilp32/libc.a(lib_a-errno.o)
                0x000000000800a514                __errno
 .text          0x000000000800a520      0x35e /home/remahl/toolchain-gd32v/toolchain-gd32v-linux/compiler/bin/../lib/gcc/riscv64-unknown-elf/8.3.0/rv32imac/ilp32/libgcc.a(_udivdi3.o)
                0x000000000800a520                __udivdi3
 .text          0x000000000800a87e      0x352 /home/remahl/toolchain-gd32v/toolchain-gd32v-linux/compiler/bin/../lib/gcc/riscv64-unknown-elf/8.3.0/rv32imac/ilp32/libgcc.a(_umoddi3.o)
                0x000000000800a87e                __umoddi3
 .text          0x000000000800abd0       0xa6 /home/remahl/toolchain-gd32v/toolchain-gd32v-linux/compiler/bin/../lib/gcc/riscv64-unknown-elf/8.3.0/rv32imac/ilp32/libgcc.a(eqtf2.o)
                0x000000000800abd0                __eqtf2
                0x000000000800abd0                __netf2
 .text          0x000000000800ac76       0xf4 /home/remahl/toolchain-gd32v/toolchain-gd32v-linux/compiler/bin/../lib/gcc/riscv64-unknown-elf/8.3.0/rv32imac/ilp32/libgcc.a(getf2.o)
                0x000000000800ac76                __getf2
                0x000000000800ac76                __gttf2
 .text          0x000000000800ad6a       0xf4 /home/remahl/toolchain-gd32v/toolchain-gd32v-linux/compiler/bin/../lib/gcc/riscv64-unknown-elf/8.3.0/rv32imac/ilp32/libgcc.a(letf2.o)
                0x000000000800ad6a                __letf2
                0x000000000800ad6a                __lttf2
 .text          0x000000000800ae5e      0xb5c /home/remahl/toolchain-gd32v/toolchain-gd32v-linux/compiler/bin/../lib/gcc/riscv64-unknown-elf/8.3.0/rv32imac/ilp32/libgcc.a(multf3.o)
                0x000000000800ae5e                __multf3
 .text          0x000000000800b9ba      0xe76 /home/remahl/toolchain-gd32v/toolchain-gd32v-linux/compiler/bin/../lib/gcc/riscv64-unknown-elf/8.3.0/rv32imac/ilp32/libgcc.a(subtf3.o)
                0x000000000800b9ba                __subtf3
 .text          0x000000000800c830       0xec /home/remahl/toolchain-gd32v/toolchain-gd32v-linux/compiler/bin/../lib/gcc/riscv64-unknown-elf/8.3.0/rv32imac/ilp32/libgcc.a(fixtfsi.o)
                0x000000000800c830                __fixtfsi
 .text          0x000000000800c91c       0xf8 /home/remahl/toolchain-gd32v/toolchain-gd32v-linux/compiler/bin/../lib/gcc/riscv64-unknown-elf/8.3.0/rv32imac/ilp32/libgcc.a(floatsitf.o)
                0x000000000800c91c                __floatsitf
 .text          0x000000000800ca14      0x15e /home/remahl/toolchain-gd32v/toolchain-gd32v-linux/compiler/bin/../lib/gcc/riscv64-unknown-elf/8.3.0/rv32imac/ilp32/libgcc.a(extenddftf2.o)
                0x000000000800ca14                __extenddftf2
 .text          0x000000000800cb72      0x230 /home/remahl/toolchain-gd32v/toolchain-gd32v-linux/compiler/bin/../lib/gcc/riscv64-unknown-elf/8.3.0/rv32imac/ilp32/libgcc.a(trunctfdf2.o)
                0x000000000800cb72                __trunctfdf2
 *(.gnu.linkonce.t.*)

.rela.dyn       0x000000000800cda4        0x0
 .rela.text._sbrk
                0x000000000800cda4        0x0 build/gd32vf103_eclic.o
 .rela.sdata.curbrk.1524
                0x000000000800cda4        0x0 build/gd32vf103_eclic.o
 .rela.text.handle_trap
                0x000000000800cda4        0x0 build/gd32vf103_eclic.o
 .rela.text.dma_config
                0x000000000800cda4        0x0 build/gd32vf103_eclic.o
 .rela.text.DMA0_Channel0_IRQHandler
                0x000000000800cda4        0x0 build/gd32vf103_eclic.o
 .rela.init     0x000000000800cda4        0x0 build/gd32vf103_eclic.o
 .rela.text.trap
                0x000000000800cda4        0x0 build/gd32vf103_eclic.o
 .rela.text     0x000000000800cda4        0x0 build/gd32vf103_eclic.o
 .rela.text.startup
                0x000000000800cda4        0x0 build/gd32vf103_eclic.o

.fini
 *(SORT_NONE(.fini))
                0x000000000800cda4                . = ALIGN (0x4)
                [!provide]                        PROVIDE (__etext = .)
                [!provide]                        PROVIDE (_etext = .)
                [!provide]                        PROVIDE (etext = .)
                [!provide]                        PROVIDE (_eilm = .)

.preinit_array  0x000000000800cda2        0x0
                0x000000000800cda2                PROVIDE (__preinit_array_start = .)
 *(.preinit_array)
                0x000000000800cda2                PROVIDE (__preinit_array_end = .)

.init_array     0x000000000800cda4        0x4
                0x000000000800cda4                PROVIDE (__init_array_start = .)
 *(SORT_BY_INIT_PRIORITY(.init_array.*) SORT_BY_INIT_PRIORITY(.ctors.*))
 .init_array.00000
                0x000000000800cda4        0x4 /home/remahl/toolchain-gd32v/toolchain-gd32v-linux/compiler/bin/../lib/gcc/riscv64-unknown-elf/8.3.0/../../../../riscv64-unknown-elf/lib/rv32imac/ilp32/libc.a(lib_a-__call_atexit.o)
 *(.init_array EXCLUDE_FILE(*crtend?.o *crtend.o *crtbegin?.o *crtbegin.o) .ctors)
                0x000000000800cda8                PROVIDE (__init_array_end = .)

.fini_array     0x000000000800cda8        0x0
                0x000000000800cda8                PROVIDE (__fini_array_start = .)
 *(SORT_BY_INIT_PRIORITY(.fini_array.*) SORT_BY_INIT_PRIORITY(.dtors.*))
 *(.fini_array EXCLUDE_FILE(*crtend?.o *crtend.o *crtbegin?.o *crtbegin.o) .dtors)
                0x000000000800cda8                PROVIDE (__fini_array_end = .)

.ctors
 *crtbegin.o(.ctors)
 *crtbegin?.o(.ctors)
 *(EXCLUDE_FILE(*crtend?.o *crtend.o) .ctors)
 *(SORT_BY_NAME(.ctors.*))
 *(.ctors)

.dtors
 *crtbegin.o(.dtors)
 *crtbegin?.o(.dtors)
 *(EXCLUDE_FILE(*crtend?.o *crtend.o) .dtors)
 *(SORT_BY_NAME(.dtors.*))
 *(.dtors)
                0x000000000800cda8                . = ALIGN (0x4)
                [!provide]                        PROVIDE (_eilm = .)

.lalign         0x000000000800cda8        0x0
                0x000000000800cda8                . = ALIGN (0x4)
                0x000000000800cda8                PROVIDE (_data_lma = .)

.dalign         0x0000000020000000        0x0 load address 0x000000000800cda8
                0x0000000020000000                . = ALIGN (0x4)
                0x0000000020000000                PROVIDE (_data = .)

.data           0x0000000020000000      0x9d4 load address 0x000000000800cda8
 *(.rdata)
 *(.gnu.linkonce.r.*)
 *(.data .data.*)
 .data          0x0000000020000000      0x428 /home/remahl/toolchain-gd32v/toolchain-gd32v-linux/compiler/bin/../lib/gcc/riscv64-unknown-elf/8.3.0/../../../../riscv64-unknown-elf/lib/rv32imac/ilp32/libc.a(lib_a-impure.o)
 .data          0x0000000020000428      0x16c /home/remahl/toolchain-gd32v/toolchain-gd32v-linux/compiler/bin/../lib/gcc/riscv64-unknown-elf/8.3.0/../../../../riscv64-unknown-elf/lib/rv32imac/ilp32/libc.a(lib_a-locale.o)
                0x0000000020000428                __global_locale
 .data          0x0000000020000594      0x408 /home/remahl/toolchain-gd32v/toolchain-gd32v-linux/compiler/bin/../lib/gcc/riscv64-unknown-elf/8.3.0/../../../../riscv64-unknown-elf/lib/rv32imac/ilp32/libc.a(lib_a-mallocr.o)
                0x0000000020000594                __malloc_av_
 *(.gnu.linkonce.d.*)
                0x00000000200009a0                . = ALIGN (0x8)
 *fill*         0x000000002000099c        0x4 
                0x00000000200011a0                PROVIDE (__global_pointer$ = (. + 0x800))
 *(.sdata .sdata.*)
 .sdata.SystemCoreClock
                0x00000000200009a0        0x4 build/system_gd32vf103.o
                0x00000000200009a0                SystemCoreClock
 .sdata.curbrk.1524
                0x00000000200009a4        0x4 build/sbrk.o
 .sdata         0x00000000200009a8        0x4 /home/remahl/toolchain-gd32v/toolchain-gd32v-linux/compiler/bin/../lib/gcc/riscv64-unknown-elf/8.3.0/../../../../riscv64-unknown-elf/lib/rv32imac/ilp32/libc.a(lib_a-impure.o)
                0x00000000200009a8                _impure_ptr
 .sdata         0x00000000200009ac        0x8 /home/remahl/toolchain-gd32v/toolchain-gd32v-linux/compiler/bin/../lib/gcc/riscv64-unknown-elf/8.3.0/../../../../riscv64-unknown-elf/lib/rv32imac/ilp32/libc.a(lib_a-mallocr.o)
                0x00000000200009ac                __malloc_sbrk_base
                0x00000000200009b0                __malloc_trim_threshold
 *(.gnu.linkonce.s.*)
                0x00000000200009b8                . = ALIGN (0x8)
 *fill*         0x00000000200009b4        0x4 
 *(.srodata.cst16)
 *(.srodata.cst8)
 .srodata.cst8  0x00000000200009b8       0x10 /home/remahl/toolchain-gd32v/toolchain-gd32v-linux/compiler/bin/../lib/gcc/riscv64-unknown-elf/8.3.0/../../../../riscv64-unknown-elf/lib/rv32imac/ilp32/libc.a(lib_a-mprec.o)
 .srodata.cst8  0x00000000200009c8        0x8 /home/remahl/toolchain-gd32v/toolchain-gd32v-linux/compiler/bin/../lib/gcc/riscv64-unknown-elf/8.3.0/../../../../riscv64-unknown-elf/lib/rv32imac/ilp32/libc.a(lib_a-s_frexp.o)
 *(.srodata.cst4)
 *(.srodata.cst2)
 *(.srodata .srodata.*)
 .srodata       0x00000000200009d0        0x4 /home/remahl/toolchain-gd32v/toolchain-gd32v-linux/compiler/bin/../lib/gcc/riscv64-unknown-elf/8.3.0/../../../../riscv64-unknown-elf/lib/rv32imac/ilp32/libc.a(lib_a-impure.o)
                0x00000000200009d0                _global_impure_ptr
                0x00000000200009d4                . = ALIGN (0x4)
                0x00000000200009d4                PROVIDE (_edata = .)
                [!provide]                        PROVIDE (edata = .)
                [!provide]                        PROVIDE (_fbss = .)
                0x00000000200009d4                PROVIDE (__bss_start = .)

.bss            0x00000000200009d4      0x840
 *(.sbss*)
 .sbss          0x00000000200009d4        0xc /home/remahl/toolchain-gd32v/toolchain-gd32v-linux/compiler/bin/../lib/gcc/riscv64-unknown-elf/8.3.0/../../../../riscv64-unknown-elf/lib/rv32imac/ilp32/libc.a(lib_a-mallocr.o)
                0x00000000200009d4                __malloc_max_total_mem
                0x00000000200009d8                __malloc_max_sbrked_mem
                0x00000000200009dc                __malloc_top_pad
 *(.gnu.linkonce.sb.*)
 *(.bss .bss.*)
 .bss.rx_dma_buffer
                0x00000000200009e0      0x400 build/liobt.o
                0x00000000200009e0                rx_dma_buffer
 .bss.tx_dma_buffer
                0x0000000020000de0      0x400 build/liobt.o
                0x0000000020000de0                tx_dma_buffer
 .bss           0x00000000200011e0       0x28 /home/remahl/toolchain-gd32v/toolchain-gd32v-linux/compiler/bin/../lib/gcc/riscv64-unknown-elf/8.3.0/../../../../riscv64-unknown-elf/lib/rv32imac/ilp32/libc.a(lib_a-mallocr.o)
                0x00000000200011e0                __malloc_current_mallinfo
 *(.gnu.linkonce.b.*)
 *(COMMON)
 COMMON         0x0000000020001208        0x8 build/main.o
                0x0000000020001208                sample_buffer_size
                0x000000002000120c                pSample_buffer
 COMMON         0x0000000020001210        0x4 /home/remahl/toolchain-gd32v/toolchain-gd32v-linux/compiler/bin/../lib/gcc/riscv64-unknown-elf/8.3.0/../../../../riscv64-unknown-elf/lib/rv32imac/ilp32/libc.a(lib_a-reent.o)
                0x0000000020001210                errno
                0x0000000020001214                . = ALIGN (0x4)
                0x0000000020001218                . = ALIGN (0x8)
                0x0000000020001218                PROVIDE (_end = .)
                [!provide]                        PROVIDE (end = .)

.stack          0x0000000020007000     0x1000 load address 0x0000000020001214
                0x0000000020007000                PROVIDE (_heap_end = .)
                0x0000000000001000                . = __stack_size
 *fill*         0x0000000020007000     0x1000 
                0x0000000020008000                PROVIDE (_sp = .)
OUTPUT(build/gd32vf103.elf elf32-littleriscv)

.debug_info     0x0000000000000000    0x15a57
 .debug_info    0x0000000000000000      0x2a2 build/gd32vf103_eclic.o
 .debug_info    0x00000000000002a2      0xd36 build/gd32vf103_dma.o
 .debug_info    0x0000000000000fd8     0x1852 build/gd32vf103_timer.o
 .debug_info    0x000000000000282a      0xd4a build/gd32vf103_usart.o
 .debug_info    0x0000000000003574      0xbbe build/gd32vf103_adc.o
 .debug_info    0x0000000000004132     0x10b4 build/gd32vf103_rcu.o
 .debug_info    0x00000000000051e6      0x758 build/gd32vf103_gpio.o
 .debug_info    0x000000000000593e      0x1ff build/system_gd32vf103.o
 .debug_info    0x0000000000005b3d      0x1a4 build/_exit.o
 .debug_info    0x0000000000005ce1      0x1da build/write_hex.o
 .debug_info    0x0000000000005ebb       0xc9 build/sbrk.o
 .debug_info    0x0000000000005f84     0x197f build/n200_func.o
 .debug_info    0x0000000000007903      0xb53 build/handlers.o
 .debug_info    0x0000000000008456      0xcb0 build/init.o
 .debug_info    0x0000000000009106      0x800 build/liobt.o
 .debug_info    0x0000000000009906     0x1c2e build/main.o
 .debug_info    0x000000000000b534      0x1a9 build/systick.o
 .debug_info    0x000000000000b6dd       0x26 build/start.o
 .debug_info    0x000000000000b703       0x22 build/entry.o
 .debug_info    0x000000000000b725      0x734 /home/remahl/toolchain-gd32v/toolchain-gd32v-linux/compiler/bin/../lib/gcc/riscv64-unknown-elf/8.3.0/rv32imac/ilp32/libgcc.a(divdf3.o)
 .debug_info    0x000000000000be59      0x286 /home/remahl/toolchain-gd32v/toolchain-gd32v-linux/compiler/bin/../lib/gcc/riscv64-unknown-elf/8.3.0/rv32imac/ilp32/libgcc.a(ledf2.o)
 .debug_info    0x000000000000c0df      0x76c /home/remahl/toolchain-gd32v/toolchain-gd32v-linux/compiler/bin/../lib/gcc/riscv64-unknown-elf/8.3.0/rv32imac/ilp32/libgcc.a(muldf3.o)
 .debug_info    0x000000000000c84b      0x2af /home/remahl/toolchain-gd32v/toolchain-gd32v-linux/compiler/bin/../lib/gcc/riscv64-unknown-elf/8.3.0/rv32imac/ilp32/libgcc.a(floatunsidf.o)
 .debug_info    0x000000000000cafa      0x2e8 /home/remahl/toolchain-gd32v/toolchain-gd32v-linux/compiler/bin/../lib/gcc/riscv64-unknown-elf/8.3.0/rv32imac/ilp32/libgcc.a(floatundidf.o)
 .debug_info    0x000000000000cde2      0xc72 /home/remahl/toolchain-gd32v/toolchain-gd32v-linux/compiler/bin/../lib/gcc/riscv64-unknown-elf/8.3.0/rv32imac/ilp32/libgcc.a(_lshrdi3.o)
 .debug_info    0x000000000000da54      0xc72 /home/remahl/toolchain-gd32v/toolchain-gd32v-linux/compiler/bin/../lib/gcc/riscv64-unknown-elf/8.3.0/rv32imac/ilp32/libgcc.a(_ashldi3.o)
 .debug_info    0x000000000000e6c6      0xbd7 /home/remahl/toolchain-gd32v/toolchain-gd32v-linux/compiler/bin/../lib/gcc/riscv64-unknown-elf/8.3.0/rv32imac/ilp32/libgcc.a(_clzsi2.o)
 .debug_info    0x000000000000f29d      0xb6a /home/remahl/toolchain-gd32v/toolchain-gd32v-linux/compiler/bin/../lib/gcc/riscv64-unknown-elf/8.3.0/rv32imac/ilp32/libgcc.a(_clz.o)
 .debug_info    0x000000000000fe07     0x1245 /home/remahl/toolchain-gd32v/toolchain-gd32v-linux/compiler/bin/../lib/gcc/riscv64-unknown-elf/8.3.0/rv32imac/ilp32/libgcc.a(_udivdi3.o)
 .debug_info    0x000000000001104c     0x12a3 /home/remahl/toolchain-gd32v/toolchain-gd32v-linux/compiler/bin/../lib/gcc/riscv64-unknown-elf/8.3.0/rv32imac/ilp32/libgcc.a(_umoddi3.o)
 .debug_info    0x00000000000122ef      0x298 /home/remahl/toolchain-gd32v/toolchain-gd32v-linux/compiler/bin/../lib/gcc/riscv64-unknown-elf/8.3.0/rv32imac/ilp32/libgcc.a(eqtf2.o)
 .debug_info    0x0000000000012587      0x296 /home/remahl/toolchain-gd32v/toolchain-gd32v-linux/compiler/bin/../lib/gcc/riscv64-unknown-elf/8.3.0/rv32imac/ilp32/libgcc.a(getf2.o)
 .debug_info    0x000000000001281d      0x296 /home/remahl/toolchain-gd32v/toolchain-gd32v-linux/compiler/bin/../lib/gcc/riscv64-unknown-elf/8.3.0/rv32imac/ilp32/libgcc.a(letf2.o)
 .debug_info    0x0000000000012ab3     0x126c /home/remahl/toolchain-gd32v/toolchain-gd32v-linux/compiler/bin/../lib/gcc/riscv64-unknown-elf/8.3.0/rv32imac/ilp32/libgcc.a(multf3.o)
 .debug_info    0x0000000000013d1f      0xd83 /home/remahl/toolchain-gd32v/toolchain-gd32v-linux/compiler/bin/../lib/gcc/riscv64-unknown-elf/8.3.0/rv32imac/ilp32/libgcc.a(subtf3.o)
 .debug_info    0x0000000000014aa2      0x2c5 /home/remahl/toolchain-gd32v/toolchain-gd32v-linux/compiler/bin/../lib/gcc/riscv64-unknown-elf/8.3.0/rv32imac/ilp32/libgcc.a(fixtfsi.o)
 .debug_info    0x0000000000014d67      0x3c6 /home/remahl/toolchain-gd32v/toolchain-gd32v-linux/compiler/bin/../lib/gcc/riscv64-unknown-elf/8.3.0/rv32imac/ilp32/libgcc.a(floatsitf.o)
 .debug_info    0x000000000001512d      0x3ef /home/remahl/toolchain-gd32v/toolchain-gd32v-linux/compiler/bin/../lib/gcc/riscv64-unknown-elf/8.3.0/rv32imac/ilp32/libgcc.a(extenddftf2.o)
 .debug_info    0x000000000001551c      0x53b /home/remahl/toolchain-gd32v/toolchain-gd32v-linux/compiler/bin/../lib/gcc/riscv64-unknown-elf/8.3.0/rv32imac/ilp32/libgcc.a(trunctfdf2.o)

.debug_abbrev   0x0000000000000000     0x47e4
 .debug_abbrev  0x0000000000000000      0x112 build/gd32vf103_eclic.o
 .debug_abbrev  0x0000000000000112      0x20d build/gd32vf103_dma.o
 .debug_abbrev  0x000000000000031f      0x308 build/gd32vf103_timer.o
 .debug_abbrev  0x0000000000000627      0x1f0 build/gd32vf103_usart.o
 .debug_abbrev  0x0000000000000817      0x21b build/gd32vf103_adc.o
 .debug_abbrev  0x0000000000000a32      0x2c4 build/gd32vf103_rcu.o
 .debug_abbrev  0x0000000000000cf6      0x21f build/gd32vf103_gpio.o
 .debug_abbrev  0x0000000000000f15       0xde build/system_gd32vf103.o
 .debug_abbrev  0x0000000000000ff3       0xda build/_exit.o
 .debug_abbrev  0x00000000000010cd      0x107 build/write_hex.o
 .debug_abbrev  0x00000000000011d4       0xac build/sbrk.o
 .debug_abbrev  0x0000000000001280      0x4c9 build/n200_func.o
 .debug_abbrev  0x0000000000001749      0x234 build/handlers.o
 .debug_abbrev  0x000000000000197d      0x22b build/init.o
 .debug_abbrev  0x0000000000001ba8      0x19b build/liobt.o
 .debug_abbrev  0x0000000000001d43      0x42b build/main.o
 .debug_abbrev  0x000000000000216e       0xcb build/systick.o
 .debug_abbrev  0x0000000000002239       0x14 build/start.o
 .debug_abbrev  0x000000000000224d       0x12 build/entry.o
 .debug_abbrev  0x000000000000225f      0x187 /home/remahl/toolchain-gd32v/toolchain-gd32v-linux/compiler/bin/../lib/gcc/riscv64-unknown-elf/8.3.0/rv32imac/ilp32/libgcc.a(divdf3.o)
 .debug_abbrev  0x00000000000023e6      0x199 /home/remahl/toolchain-gd32v/toolchain-gd32v-linux/compiler/bin/../lib/gcc/riscv64-unknown-elf/8.3.0/rv32imac/ilp32/libgcc.a(ledf2.o)
 .debug_abbrev  0x000000000000257f      0x197 /home/remahl/toolchain-gd32v/toolchain-gd32v-linux/compiler/bin/../lib/gcc/riscv64-unknown-elf/8.3.0/rv32imac/ilp32/libgcc.a(muldf3.o)
 .debug_abbrev  0x0000000000002716      0x178 /home/remahl/toolchain-gd32v/toolchain-gd32v-linux/compiler/bin/../lib/gcc/riscv64-unknown-elf/8.3.0/rv32imac/ilp32/libgcc.a(floatunsidf.o)
 .debug_abbrev  0x000000000000288e      0x19f /home/remahl/toolchain-gd32v/toolchain-gd32v-linux/compiler/bin/../lib/gcc/riscv64-unknown-elf/8.3.0/rv32imac/ilp32/libgcc.a(floatundidf.o)
 .debug_abbrev  0x0000000000002a2d      0x275 /home/remahl/toolchain-gd32v/toolchain-gd32v-linux/compiler/bin/../lib/gcc/riscv64-unknown-elf/8.3.0/rv32imac/ilp32/libgcc.a(_lshrdi3.o)
 .debug_abbrev  0x0000000000002ca2      0x275 /home/remahl/toolchain-gd32v/toolchain-gd32v-linux/compiler/bin/../lib/gcc/riscv64-unknown-elf/8.3.0/rv32imac/ilp32/libgcc.a(_ashldi3.o)
 .debug_abbrev  0x0000000000002f17      0x242 /home/remahl/toolchain-gd32v/toolchain-gd32v-linux/compiler/bin/../lib/gcc/riscv64-unknown-elf/8.3.0/rv32imac/ilp32/libgcc.a(_clzsi2.o)
 .debug_abbrev  0x0000000000003159      0x1e8 /home/remahl/toolchain-gd32v/toolchain-gd32v-linux/compiler/bin/../lib/gcc/riscv64-unknown-elf/8.3.0/rv32imac/ilp32/libgcc.a(_clz.o)
 .debug_abbrev  0x0000000000003341      0x2cc /home/remahl/toolchain-gd32v/toolchain-gd32v-linux/compiler/bin/../lib/gcc/riscv64-unknown-elf/8.3.0/rv32imac/ilp32/libgcc.a(_udivdi3.o)
 .debug_abbrev  0x000000000000360d      0x2e8 /home/remahl/toolchain-gd32v/toolchain-gd32v-linux/compiler/bin/../lib/gcc/riscv64-unknown-elf/8.3.0/rv32imac/ilp32/libgcc.a(_umoddi3.o)
 .debug_abbrev  0x00000000000038f5      0x18b /home/remahl/toolchain-gd32v/toolchain-gd32v-linux/compiler/bin/../lib/gcc/riscv64-unknown-elf/8.3.0/rv32imac/ilp32/libgcc.a(eqtf2.o)
 .debug_abbrev  0x0000000000003a80      0x19e /home/remahl/toolchain-gd32v/toolchain-gd32v-linux/compiler/bin/../lib/gcc/riscv64-unknown-elf/8.3.0/rv32imac/ilp32/libgcc.a(getf2.o)
 .debug_abbrev  0x0000000000003c1e      0x19e /home/remahl/toolchain-gd32v/toolchain-gd32v-linux/compiler/bin/../lib/gcc/riscv64-unknown-elf/8.3.0/rv32imac/ilp32/libgcc.a(letf2.o)
 .debug_abbrev  0x0000000000003dbc      0x1a8 /home/remahl/toolchain-gd32v/toolchain-gd32v-linux/compiler/bin/../lib/gcc/riscv64-unknown-elf/8.3.0/rv32imac/ilp32/libgcc.a(multf3.o)
 .debug_abbrev  0x0000000000003f64      0x1bd /home/remahl/toolchain-gd32v/toolchain-gd32v-linux/compiler/bin/../lib/gcc/riscv64-unknown-elf/8.3.0/rv32imac/ilp32/libgcc.a(subtf3.o)
 .debug_abbrev  0x0000000000004121      0x1ac /home/remahl/toolchain-gd32v/toolchain-gd32v-linux/compiler/bin/../lib/gcc/riscv64-unknown-elf/8.3.0/rv32imac/ilp32/libgcc.a(fixtfsi.o)
 .debug_abbrev  0x00000000000042cd      0x1b5 /home/remahl/toolchain-gd32v/toolchain-gd32v-linux/compiler/bin/../lib/gcc/riscv64-unknown-elf/8.3.0/rv32imac/ilp32/libgcc.a(floatsitf.o)
 .debug_abbrev  0x0000000000004482      0x1ab /home/remahl/toolchain-gd32v/toolchain-gd32v-linux/compiler/bin/../lib/gcc/riscv64-unknown-elf/8.3.0/rv32imac/ilp32/libgcc.a(extenddftf2.o)
 .debug_abbrev  0x000000000000462d      0x1b7 /home/remahl/toolchain-gd32v/toolchain-gd32v-linux/compiler/bin/../lib/gcc/riscv64-unknown-elf/8.3.0/rv32imac/ilp32/libgcc.a(trunctfdf2.o)

.debug_loc      0x0000000000000000    0x14cbd
 .debug_loc     0x0000000000000000       0xe7 build/gd32vf103_eclic.o
 .debug_loc     0x00000000000000e7      0x3ae build/gd32vf103_dma.o
 .debug_loc     0x0000000000000495     0x1094 build/gd32vf103_timer.o
 .debug_loc     0x0000000000001529      0x824 build/gd32vf103_usart.o
 .debug_loc     0x0000000000001d4d      0x936 build/gd32vf103_adc.o
 .debug_loc     0x0000000000002683      0xbe4 build/gd32vf103_rcu.o
 .debug_loc     0x0000000000003267      0x519 build/gd32vf103_gpio.o
 .debug_loc     0x0000000000003780      0x1e4 build/system_gd32vf103.o
 .debug_loc     0x0000000000003964       0x3e build/_exit.o
 .debug_loc     0x00000000000039a2       0xd0 build/write_hex.o
 .debug_loc     0x0000000000003a72       0x21 build/sbrk.o
 .debug_loc     0x0000000000003a93      0x914 build/n200_func.o
 .debug_loc     0x00000000000043a7       0x98 build/handlers.o
 .debug_loc     0x000000000000443f       0x2c build/init.o
 .debug_loc     0x000000000000446b      0x1ed build/liobt.o
 .debug_loc     0x0000000000004658      0x46b build/main.o
 .debug_loc     0x0000000000004ac3      0x110 build/systick.o
 .debug_loc     0x0000000000004bd3     0x129b /home/remahl/toolchain-gd32v/toolchain-gd32v-linux/compiler/bin/../lib/gcc/riscv64-unknown-elf/8.3.0/rv32imac/ilp32/libgcc.a(divdf3.o)
 .debug_loc     0x0000000000005e6e      0x156 /home/remahl/toolchain-gd32v/toolchain-gd32v-linux/compiler/bin/../lib/gcc/riscv64-unknown-elf/8.3.0/rv32imac/ilp32/libgcc.a(ledf2.o)
 .debug_loc     0x0000000000005fc4      0xd6e /home/remahl/toolchain-gd32v/toolchain-gd32v-linux/compiler/bin/../lib/gcc/riscv64-unknown-elf/8.3.0/rv32imac/ilp32/libgcc.a(muldf3.o)
 .debug_loc     0x0000000000006d32      0x15c /home/remahl/toolchain-gd32v/toolchain-gd32v-linux/compiler/bin/../lib/gcc/riscv64-unknown-elf/8.3.0/rv32imac/ilp32/libgcc.a(floatunsidf.o)
 .debug_loc     0x0000000000006e8e      0x2ec /home/remahl/toolchain-gd32v/toolchain-gd32v-linux/compiler/bin/../lib/gcc/riscv64-unknown-elf/8.3.0/rv32imac/ilp32/libgcc.a(floatundidf.o)
 .debug_loc     0x000000000000717a       0x7e /home/remahl/toolchain-gd32v/toolchain-gd32v-linux/compiler/bin/../lib/gcc/riscv64-unknown-elf/8.3.0/rv32imac/ilp32/libgcc.a(_lshrdi3.o)
 .debug_loc     0x00000000000071f8       0x7e /home/remahl/toolchain-gd32v/toolchain-gd32v-linux/compiler/bin/../lib/gcc/riscv64-unknown-elf/8.3.0/rv32imac/ilp32/libgcc.a(_ashldi3.o)
 .debug_loc     0x0000000000007276       0x6b /home/remahl/toolchain-gd32v/toolchain-gd32v-linux/compiler/bin/../lib/gcc/riscv64-unknown-elf/8.3.0/rv32imac/ilp32/libgcc.a(_clzsi2.o)
 .debug_loc     0x00000000000072e1      0xbd0 /home/remahl/toolchain-gd32v/toolchain-gd32v-linux/compiler/bin/../lib/gcc/riscv64-unknown-elf/8.3.0/rv32imac/ilp32/libgcc.a(_udivdi3.o)
 .debug_loc     0x0000000000007eb1      0x969 /home/remahl/toolchain-gd32v/toolchain-gd32v-linux/compiler/bin/../lib/gcc/riscv64-unknown-elf/8.3.0/rv32imac/ilp32/libgcc.a(_umoddi3.o)
 .debug_loc     0x000000000000881a       0x87 /home/remahl/toolchain-gd32v/toolchain-gd32v-linux/compiler/bin/../lib/gcc/riscv64-unknown-elf/8.3.0/rv32imac/ilp32/libgcc.a(eqtf2.o)
 .debug_loc     0x00000000000088a1      0x134 /home/remahl/toolchain-gd32v/toolchain-gd32v-linux/compiler/bin/../lib/gcc/riscv64-unknown-elf/8.3.0/rv32imac/ilp32/libgcc.a(getf2.o)
 .debug_loc     0x00000000000089d5      0x134 /home/remahl/toolchain-gd32v/toolchain-gd32v-linux/compiler/bin/../lib/gcc/riscv64-unknown-elf/8.3.0/rv32imac/ilp32/libgcc.a(letf2.o)
 .debug_loc     0x0000000000008b09     0x8fad /home/remahl/toolchain-gd32v/toolchain-gd32v-linux/compiler/bin/../lib/gcc/riscv64-unknown-elf/8.3.0/rv32imac/ilp32/libgcc.a(multf3.o)
 .debug_loc     0x0000000000011ab6     0x22af /home/remahl/toolchain-gd32v/toolchain-gd32v-linux/compiler/bin/../lib/gcc/riscv64-unknown-elf/8.3.0/rv32imac/ilp32/libgcc.a(subtf3.o)
 .debug_loc     0x0000000000013d65      0x302 /home/remahl/toolchain-gd32v/toolchain-gd32v-linux/compiler/bin/../lib/gcc/riscv64-unknown-elf/8.3.0/rv32imac/ilp32/libgcc.a(fixtfsi.o)
 .debug_loc     0x0000000000014067      0x1f8 /home/remahl/toolchain-gd32v/toolchain-gd32v-linux/compiler/bin/../lib/gcc/riscv64-unknown-elf/8.3.0/rv32imac/ilp32/libgcc.a(floatsitf.o)
 .debug_loc     0x000000000001425f      0x417 /home/remahl/toolchain-gd32v/toolchain-gd32v-linux/compiler/bin/../lib/gcc/riscv64-unknown-elf/8.3.0/rv32imac/ilp32/libgcc.a(extenddftf2.o)
 .debug_loc     0x0000000000014676      0x647 /home/remahl/toolchain-gd32v/toolchain-gd32v-linux/compiler/bin/../lib/gcc/riscv64-unknown-elf/8.3.0/rv32imac/ilp32/libgcc.a(trunctfdf2.o)

.debug_aranges  0x0000000000000000      0xdd8
 .debug_aranges
                0x0000000000000000       0x50 build/gd32vf103_eclic.o
 .debug_aranges
                0x0000000000000050       0xe8 build/gd32vf103_dma.o
 .debug_aranges
                0x0000000000000138      0x240 build/gd32vf103_timer.o
 .debug_aranges
                0x0000000000000378      0x170 build/gd32vf103_usart.o
 .debug_aranges
                0x00000000000004e8      0x140 build/gd32vf103_adc.o
 .debug_aranges
                0x0000000000000628      0x160 build/gd32vf103_rcu.o
 .debug_aranges
                0x0000000000000788       0xa0 build/gd32vf103_gpio.o
 .debug_aranges
                0x0000000000000828       0x28 build/system_gd32vf103.o
 .debug_aranges
                0x0000000000000850       0x20 build/_exit.o
 .debug_aranges
                0x0000000000000870       0x20 build/write_hex.o
 .debug_aranges
                0x0000000000000890       0x20 build/sbrk.o
 .debug_aranges
                0x00000000000008b0      0x140 build/n200_func.o
 .debug_aranges
                0x00000000000009f0       0x28 build/handlers.o
 .debug_aranges
                0x0000000000000a18       0x28 build/init.o
 .debug_aranges
                0x0000000000000a40       0x30 build/liobt.o
 .debug_aranges
                0x0000000000000a70       0x80 build/main.o
 .debug_aranges
                0x0000000000000af0       0x28 build/systick.o
 .debug_aranges
                0x0000000000000b18       0x20 build/start.o
 .debug_aranges
                0x0000000000000b38       0x28 build/entry.o
 .debug_aranges
                0x0000000000000b60       0x20 /home/remahl/toolchain-gd32v/toolchain-gd32v-linux/compiler/bin/../lib/gcc/riscv64-unknown-elf/8.3.0/rv32imac/ilp32/libgcc.a(divdf3.o)
 .debug_aranges
                0x0000000000000b80       0x20 /home/remahl/toolchain-gd32v/toolchain-gd32v-linux/compiler/bin/../lib/gcc/riscv64-unknown-elf/8.3.0/rv32imac/ilp32/libgcc.a(ledf2.o)
 .debug_aranges
                0x0000000000000ba0       0x20 /home/remahl/toolchain-gd32v/toolchain-gd32v-linux/compiler/bin/../lib/gcc/riscv64-unknown-elf/8.3.0/rv32imac/ilp32/libgcc.a(muldf3.o)
 .debug_aranges
                0x0000000000000bc0       0x20 /home/remahl/toolchain-gd32v/toolchain-gd32v-linux/compiler/bin/../lib/gcc/riscv64-unknown-elf/8.3.0/rv32imac/ilp32/libgcc.a(floatunsidf.o)
 .debug_aranges
                0x0000000000000be0       0x20 /home/remahl/toolchain-gd32v/toolchain-gd32v-linux/compiler/bin/../lib/gcc/riscv64-unknown-elf/8.3.0/rv32imac/ilp32/libgcc.a(floatundidf.o)
 .debug_aranges
                0x0000000000000c00       0x20 /home/remahl/toolchain-gd32v/toolchain-gd32v-linux/compiler/bin/../lib/gcc/riscv64-unknown-elf/8.3.0/rv32imac/ilp32/libgcc.a(_lshrdi3.o)
 .debug_aranges
                0x0000000000000c20       0x20 /home/remahl/toolchain-gd32v/toolchain-gd32v-linux/compiler/bin/../lib/gcc/riscv64-unknown-elf/8.3.0/rv32imac/ilp32/libgcc.a(_ashldi3.o)
 .debug_aranges
                0x0000000000000c40       0x20 /home/remahl/toolchain-gd32v/toolchain-gd32v-linux/compiler/bin/../lib/gcc/riscv64-unknown-elf/8.3.0/rv32imac/ilp32/libgcc.a(_clzsi2.o)
 .debug_aranges
                0x0000000000000c60       0x18 /home/remahl/toolchain-gd32v/toolchain-gd32v-linux/compiler/bin/../lib/gcc/riscv64-unknown-elf/8.3.0/rv32imac/ilp32/libgcc.a(_clz.o)
 .debug_aranges
                0x0000000000000c78       0x20 /home/remahl/toolchain-gd32v/toolchain-gd32v-linux/compiler/bin/../lib/gcc/riscv64-unknown-elf/8.3.0/rv32imac/ilp32/libgcc.a(_udivdi3.o)
 .debug_aranges
                0x0000000000000c98       0x20 /home/remahl/toolchain-gd32v/toolchain-gd32v-linux/compiler/bin/../lib/gcc/riscv64-unknown-elf/8.3.0/rv32imac/ilp32/libgcc.a(_umoddi3.o)
 .debug_aranges
                0x0000000000000cb8       0x20 /home/remahl/toolchain-gd32v/toolchain-gd32v-linux/compiler/bin/../lib/gcc/riscv64-unknown-elf/8.3.0/rv32imac/ilp32/libgcc.a(eqtf2.o)
 .debug_aranges
                0x0000000000000cd8       0x20 /home/remahl/toolchain-gd32v/toolchain-gd32v-linux/compiler/bin/../lib/gcc/riscv64-unknown-elf/8.3.0/rv32imac/ilp32/libgcc.a(getf2.o)
 .debug_aranges
                0x0000000000000cf8       0x20 /home/remahl/toolchain-gd32v/toolchain-gd32v-linux/compiler/bin/../lib/gcc/riscv64-unknown-elf/8.3.0/rv32imac/ilp32/libgcc.a(letf2.o)
 .debug_aranges
                0x0000000000000d18       0x20 /home/remahl/toolchain-gd32v/toolchain-gd32v-linux/compiler/bin/../lib/gcc/riscv64-unknown-elf/8.3.0/rv32imac/ilp32/libgcc.a(multf3.o)
 .debug_aranges
                0x0000000000000d38       0x20 /home/remahl/toolchain-gd32v/toolchain-gd32v-linux/compiler/bin/../lib/gcc/riscv64-unknown-elf/8.3.0/rv32imac/ilp32/libgcc.a(subtf3.o)
 .debug_aranges
                0x0000000000000d58       0x20 /home/remahl/toolchain-gd32v/toolchain-gd32v-linux/compiler/bin/../lib/gcc/riscv64-unknown-elf/8.3.0/rv32imac/ilp32/libgcc.a(fixtfsi.o)
 .debug_aranges
                0x0000000000000d78       0x20 /home/remahl/toolchain-gd32v/toolchain-gd32v-linux/compiler/bin/../lib/gcc/riscv64-unknown-elf/8.3.0/rv32imac/ilp32/libgcc.a(floatsitf.o)
 .debug_aranges
                0x0000000000000d98       0x20 /home/remahl/toolchain-gd32v/toolchain-gd32v-linux/compiler/bin/../lib/gcc/riscv64-unknown-elf/8.3.0/rv32imac/ilp32/libgcc.a(extenddftf2.o)
 .debug_aranges
                0x0000000000000db8       0x20 /home/remahl/toolchain-gd32v/toolchain-gd32v-linux/compiler/bin/../lib/gcc/riscv64-unknown-elf/8.3.0/rv32imac/ilp32/libgcc.a(trunctfdf2.o)

.debug_ranges   0x0000000000000000     0x24d0
 .debug_ranges  0x0000000000000000       0x40 build/gd32vf103_eclic.o
 .debug_ranges  0x0000000000000040      0x2e8 build/gd32vf103_dma.o
 .debug_ranges  0x0000000000000328      0x280 build/gd32vf103_timer.o
 .debug_ranges  0x00000000000005a8      0x160 build/gd32vf103_usart.o
 .debug_ranges  0x0000000000000708      0x130 build/gd32vf103_adc.o
 .debug_ranges  0x0000000000000838      0x270 build/gd32vf103_rcu.o
 .debug_ranges  0x0000000000000aa8       0x90 build/gd32vf103_gpio.o
 .debug_ranges  0x0000000000000b38       0x38 build/system_gd32vf103.o
 .debug_ranges  0x0000000000000b70       0x10 build/_exit.o
 .debug_ranges  0x0000000000000b80       0x30 build/write_hex.o
 .debug_ranges  0x0000000000000bb0       0x10 build/sbrk.o
 .debug_ranges  0x0000000000000bc0      0x328 build/n200_func.o
 .debug_ranges  0x0000000000000ee8       0x18 build/handlers.o
 .debug_ranges  0x0000000000000f00       0x18 build/init.o
 .debug_ranges  0x0000000000000f18       0x50 build/liobt.o
 .debug_ranges  0x0000000000000f68       0xc8 build/main.o
 .debug_ranges  0x0000000000001030       0x18 build/systick.o
 .debug_ranges  0x0000000000001048       0x20 build/entry.o
 .debug_ranges  0x0000000000001068      0x180 /home/remahl/toolchain-gd32v/toolchain-gd32v-linux/compiler/bin/../lib/gcc/riscv64-unknown-elf/8.3.0/rv32imac/ilp32/libgcc.a(divdf3.o)
 .debug_ranges  0x00000000000011e8       0x68 /home/remahl/toolchain-gd32v/toolchain-gd32v-linux/compiler/bin/../lib/gcc/riscv64-unknown-elf/8.3.0/rv32imac/ilp32/libgcc.a(ledf2.o)
 .debug_ranges  0x0000000000001250      0x1c0 /home/remahl/toolchain-gd32v/toolchain-gd32v-linux/compiler/bin/../lib/gcc/riscv64-unknown-elf/8.3.0/rv32imac/ilp32/libgcc.a(muldf3.o)
 .debug_ranges  0x0000000000001410       0x68 /home/remahl/toolchain-gd32v/toolchain-gd32v-linux/compiler/bin/../lib/gcc/riscv64-unknown-elf/8.3.0/rv32imac/ilp32/libgcc.a(floatunsidf.o)
 .debug_ranges  0x0000000000001478       0x68 /home/remahl/toolchain-gd32v/toolchain-gd32v-linux/compiler/bin/../lib/gcc/riscv64-unknown-elf/8.3.0/rv32imac/ilp32/libgcc.a(floatundidf.o)
 .debug_ranges  0x00000000000014e0       0x20 /home/remahl/toolchain-gd32v/toolchain-gd32v-linux/compiler/bin/../lib/gcc/riscv64-unknown-elf/8.3.0/rv32imac/ilp32/libgcc.a(_clzsi2.o)
 .debug_ranges  0x0000000000001500      0x100 /home/remahl/toolchain-gd32v/toolchain-gd32v-linux/compiler/bin/../lib/gcc/riscv64-unknown-elf/8.3.0/rv32imac/ilp32/libgcc.a(_udivdi3.o)
 .debug_ranges  0x0000000000001600       0xd0 /home/remahl/toolchain-gd32v/toolchain-gd32v-linux/compiler/bin/../lib/gcc/riscv64-unknown-elf/8.3.0/rv32imac/ilp32/libgcc.a(_umoddi3.o)
 .debug_ranges  0x00000000000016d0       0x58 /home/remahl/toolchain-gd32v/toolchain-gd32v-linux/compiler/bin/../lib/gcc/riscv64-unknown-elf/8.3.0/rv32imac/ilp32/libgcc.a(eqtf2.o)
 .debug_ranges  0x0000000000001728       0x78 /home/remahl/toolchain-gd32v/toolchain-gd32v-linux/compiler/bin/../lib/gcc/riscv64-unknown-elf/8.3.0/rv32imac/ilp32/libgcc.a(getf2.o)
 .debug_ranges  0x00000000000017a0       0x78 /home/remahl/toolchain-gd32v/toolchain-gd32v-linux/compiler/bin/../lib/gcc/riscv64-unknown-elf/8.3.0/rv32imac/ilp32/libgcc.a(letf2.o)
 .debug_ranges  0x0000000000001818      0x760 /home/remahl/toolchain-gd32v/toolchain-gd32v-linux/compiler/bin/../lib/gcc/riscv64-unknown-elf/8.3.0/rv32imac/ilp32/libgcc.a(multf3.o)
 .debug_ranges  0x0000000000001f78      0x350 /home/remahl/toolchain-gd32v/toolchain-gd32v-linux/compiler/bin/../lib/gcc/riscv64-unknown-elf/8.3.0/rv32imac/ilp32/libgcc.a(subtf3.o)
 .debug_ranges  0x00000000000022c8       0x40 /home/remahl/toolchain-gd32v/toolchain-gd32v-linux/compiler/bin/../lib/gcc/riscv64-unknown-elf/8.3.0/rv32imac/ilp32/libgcc.a(fixtfsi.o)
 .debug_ranges  0x0000000000002308       0x58 /home/remahl/toolchain-gd32v/toolchain-gd32v-linux/compiler/bin/../lib/gcc/riscv64-unknown-elf/8.3.0/rv32imac/ilp32/libgcc.a(floatsitf.o)
 .debug_ranges  0x0000000000002360       0x98 /home/remahl/toolchain-gd32v/toolchain-gd32v-linux/compiler/bin/../lib/gcc/riscv64-unknown-elf/8.3.0/rv32imac/ilp32/libgcc.a(extenddftf2.o)
 .debug_ranges  0x00000000000023f8       0xd8 /home/remahl/toolchain-gd32v/toolchain-gd32v-linux/compiler/bin/../lib/gcc/riscv64-unknown-elf/8.3.0/rv32imac/ilp32/libgcc.a(trunctfdf2.o)

.debug_line     0x0000000000000000    0x16eda
 .debug_line    0x0000000000000000      0x338 build/gd32vf103_eclic.o
 .debug_line    0x0000000000000338     0x1431 build/gd32vf103_dma.o
 .debug_line    0x0000000000001769     0x2e07 build/gd32vf103_timer.o
 .debug_line    0x0000000000004570      0xedc build/gd32vf103_usart.o
 .debug_line    0x000000000000544c     0x1587 build/gd32vf103_adc.o
 .debug_line    0x00000000000069d3     0x1698 build/gd32vf103_rcu.o
 .debug_line    0x000000000000806b      0xc27 build/gd32vf103_gpio.o
 .debug_line    0x0000000000008c92      0x771 build/system_gd32vf103.o
 .debug_line    0x0000000000009403      0x159 build/_exit.o
 .debug_line    0x000000000000955c      0x265 build/write_hex.o
 .debug_line    0x00000000000097c1      0x13f build/sbrk.o
 .debug_line    0x0000000000009900     0x1386 build/n200_func.o
 .debug_line    0x000000000000ac86      0x26a build/handlers.o
 .debug_line    0x000000000000aef0      0x2a9 build/init.o
 .debug_line    0x000000000000b199      0x6d8 build/liobt.o
 .debug_line    0x000000000000b871      0xd1c build/main.o
 .debug_line    0x000000000000c58d      0x38c build/systick.o
 .debug_line    0x000000000000c919      0x187 build/start.o
 .debug_line    0x000000000000caa0       0xe3 build/entry.o
 .debug_line    0x000000000000cb83      0xe35 /home/remahl/toolchain-gd32v/toolchain-gd32v-linux/compiler/bin/../lib/gcc/riscv64-unknown-elf/8.3.0/rv32imac/ilp32/libgcc.a(divdf3.o)
 .debug_line    0x000000000000d9b8      0x303 /home/remahl/toolchain-gd32v/toolchain-gd32v-linux/compiler/bin/../lib/gcc/riscv64-unknown-elf/8.3.0/rv32imac/ilp32/libgcc.a(ledf2.o)
 .debug_line    0x000000000000dcbb      0xbf8 /home/remahl/toolchain-gd32v/toolchain-gd32v-linux/compiler/bin/../lib/gcc/riscv64-unknown-elf/8.3.0/rv32imac/ilp32/libgcc.a(muldf3.o)
 .debug_line    0x000000000000e8b3      0x239 /home/remahl/toolchain-gd32v/toolchain-gd32v-linux/compiler/bin/../lib/gcc/riscv64-unknown-elf/8.3.0/rv32imac/ilp32/libgcc.a(floatunsidf.o)
 .debug_line    0x000000000000eaec      0x3f5 /home/remahl/toolchain-gd32v/toolchain-gd32v-linux/compiler/bin/../lib/gcc/riscv64-unknown-elf/8.3.0/rv32imac/ilp32/libgcc.a(floatundidf.o)
 .debug_line    0x000000000000eee1      0x492 /home/remahl/toolchain-gd32v/toolchain-gd32v-linux/compiler/bin/../lib/gcc/riscv64-unknown-elf/8.3.0/rv32imac/ilp32/libgcc.a(_lshrdi3.o)
 .debug_line    0x000000000000f373      0x492 /home/remahl/toolchain-gd32v/toolchain-gd32v-linux/compiler/bin/../lib/gcc/riscv64-unknown-elf/8.3.0/rv32imac/ilp32/libgcc.a(_ashldi3.o)
 .debug_line    0x000000000000f805      0x440 /home/remahl/toolchain-gd32v/toolchain-gd32v-linux/compiler/bin/../lib/gcc/riscv64-unknown-elf/8.3.0/rv32imac/ilp32/libgcc.a(_clzsi2.o)
 .debug_line    0x000000000000fc45      0x3be /home/remahl/toolchain-gd32v/toolchain-gd32v-linux/compiler/bin/../lib/gcc/riscv64-unknown-elf/8.3.0/rv32imac/ilp32/libgcc.a(_clz.o)
 .debug_line    0x0000000000010003      0xa82 /home/remahl/toolchain-gd32v/toolchain-gd32v-linux/compiler/bin/../lib/gcc/riscv64-unknown-elf/8.3.0/rv32imac/ilp32/libgcc.a(_udivdi3.o)
 .debug_line    0x0000000000010a85      0xb32 /home/remahl/toolchain-gd32v/toolchain-gd32v-linux/compiler/bin/../lib/gcc/riscv64-unknown-elf/8.3.0/rv32imac/ilp32/libgcc.a(_umoddi3.o)
 .debug_line    0x00000000000115b7      0x2ac /home/remahl/toolchain-gd32v/toolchain-gd32v-linux/compiler/bin/../lib/gcc/riscv64-unknown-elf/8.3.0/rv32imac/ilp32/libgcc.a(eqtf2.o)
 .debug_line    0x0000000000011863      0x393 /home/remahl/toolchain-gd32v/toolchain-gd32v-linux/compiler/bin/../lib/gcc/riscv64-unknown-elf/8.3.0/rv32imac/ilp32/libgcc.a(getf2.o)
 .debug_line    0x0000000000011bf6      0x393 /home/remahl/toolchain-gd32v/toolchain-gd32v-linux/compiler/bin/../lib/gcc/riscv64-unknown-elf/8.3.0/rv32imac/ilp32/libgcc.a(letf2.o)
 .debug_line    0x0000000000011f89     0x1e57 /home/remahl/toolchain-gd32v/toolchain-gd32v-linux/compiler/bin/../lib/gcc/riscv64-unknown-elf/8.3.0/rv32imac/ilp32/libgcc.a(multf3.o)
 .debug_line    0x0000000000013de0     0x2181 /home/remahl/toolchain-gd32v/toolchain-gd32v-linux/compiler/bin/../lib/gcc/riscv64-unknown-elf/8.3.0/rv32imac/ilp32/libgcc.a(subtf3.o)
 .debug_line    0x0000000000015f61      0x2b7 /home/remahl/toolchain-gd32v/toolchain-gd32v-linux/compiler/bin/../lib/gcc/riscv64-unknown-elf/8.3.0/rv32imac/ilp32/libgcc.a(fixtfsi.o)
 .debug_line    0x0000000000016218      0x2d6 /home/remahl/toolchain-gd32v/toolchain-gd32v-linux/compiler/bin/../lib/gcc/riscv64-unknown-elf/8.3.0/rv32imac/ilp32/libgcc.a(floatsitf.o)
 .debug_line    0x00000000000164ee      0x468 /home/remahl/toolchain-gd32v/toolchain-gd32v-linux/compiler/bin/../lib/gcc/riscv64-unknown-elf/8.3.0/rv32imac/ilp32/libgcc.a(extenddftf2.o)
 .debug_line    0x0000000000016956      0x584 /home/remahl/toolchain-gd32v/toolchain-gd32v-linux/compiler/bin/../lib/gcc/riscv64-unknown-elf/8.3.0/rv32imac/ilp32/libgcc.a(trunctfdf2.o)

.debug_str      0x0000000000000000     0x49fc
 .debug_str     0x0000000000000000      0x298 build/gd32vf103_eclic.o
                                        0x2f9 (size before relaxing)
 .debug_str     0x0000000000000298      0x3dc build/gd32vf103_dma.o
                                        0x59c (size before relaxing)
 .debug_str     0x0000000000000674      0xd05 build/gd32vf103_timer.o
                                        0xee1 (size before relaxing)
 .debug_str     0x0000000000001379      0x5d8 build/gd32vf103_usart.o
                                        0x964 (size before relaxing)
 .debug_str     0x0000000000001951      0x4e8 build/gd32vf103_adc.o
                                        0x8b5 (size before relaxing)
 .debug_str     0x0000000000001e39      0xa2d build/gd32vf103_rcu.o
                                        0xe04 (size before relaxing)
 .debug_str     0x0000000000002866      0x1ee build/gd32vf103_gpio.o
                                        0x59d (size before relaxing)
 .debug_str     0x0000000000002a54       0xa4 build/system_gd32vf103.o
                                        0x26f (size before relaxing)
 .debug_str     0x0000000000002af8       0x66 build/_exit.o
                                        0x1c6 (size before relaxing)
 .debug_str     0x0000000000002b5e       0x35 build/write_hex.o
                                        0x1d7 (size before relaxing)
 .debug_str     0x0000000000002b93       0x48 build/sbrk.o
                                        0x137 (size before relaxing)
 .debug_str     0x0000000000002bdb      0x6c0 build/n200_func.o
                                        0x97b (size before relaxing)
 .debug_str     0x000000000000329b       0x56 build/handlers.o
                                        0x5d4 (size before relaxing)
 .debug_str     0x00000000000032f1      0x3e5 build/init.o
                                        0x9a4 (size before relaxing)
 .debug_str     0x00000000000036d6       0x58 build/liobt.o
                                        0x576 (size before relaxing)
 .debug_str     0x000000000000372e      0x2b2 build/main.o
                                       0x11f6 (size before relaxing)
 .debug_str     0x00000000000039e0       0x14 build/systick.o
                                        0x1d2 (size before relaxing)
 .debug_str     0x00000000000039f4       0x35 build/start.o
                                         0x79 (size before relaxing)
 .debug_str     0x0000000000003a29       0x29 build/entry.o
                                         0x79 (size before relaxing)
 .debug_str     0x0000000000003a52      0x3ca /home/remahl/toolchain-gd32v/toolchain-gd32v-linux/compiler/bin/../lib/gcc/riscv64-unknown-elf/8.3.0/rv32imac/ilp32/libgcc.a(divdf3.o)
                                        0x455 (size before relaxing)
 .debug_str     0x0000000000003e1c       0x7b /home/remahl/toolchain-gd32v/toolchain-gd32v-linux/compiler/bin/../lib/gcc/riscv64-unknown-elf/8.3.0/rv32imac/ilp32/libgcc.a(ledf2.o)
                                        0x2d1 (size before relaxing)
 .debug_str     0x0000000000003e97      0x15f /home/remahl/toolchain-gd32v/toolchain-gd32v-linux/compiler/bin/../lib/gcc/riscv64-unknown-elf/8.3.0/rv32imac/ilp32/libgcc.a(muldf3.o)
                                        0x4ad (size before relaxing)
 .debug_str     0x0000000000003ff6       0xfd /home/remahl/toolchain-gd32v/toolchain-gd32v-linux/compiler/bin/../lib/gcc/riscv64-unknown-elf/8.3.0/rv32imac/ilp32/libgcc.a(floatunsidf.o)
                                        0x33d (size before relaxing)
 .debug_str     0x00000000000040f3       0x4c /home/remahl/toolchain-gd32v/toolchain-gd32v-linux/compiler/bin/../lib/gcc/riscv64-unknown-elf/8.3.0/rv32imac/ilp32/libgcc.a(floatundidf.o)
                                        0x347 (size before relaxing)
 .debug_str     0x000000000000413f      0x213 /home/remahl/toolchain-gd32v/toolchain-gd32v-linux/compiler/bin/../lib/gcc/riscv64-unknown-elf/8.3.0/rv32imac/ilp32/libgcc.a(_lshrdi3.o)
                                        0x863 (size before relaxing)
 .debug_str     0x0000000000004352        0xa /home/remahl/toolchain-gd32v/toolchain-gd32v-linux/compiler/bin/../lib/gcc/riscv64-unknown-elf/8.3.0/rv32imac/ilp32/libgcc.a(_ashldi3.o)
                                        0x863 (size before relaxing)
 .debug_str     0x000000000000435c        0xe /home/remahl/toolchain-gd32v/toolchain-gd32v-linux/compiler/bin/../lib/gcc/riscv64-unknown-elf/8.3.0/rv32imac/ilp32/libgcc.a(_clzsi2.o)
                                        0x831 (size before relaxing)
 .debug_str     0x000000000000436a      0x814 /home/remahl/toolchain-gd32v/toolchain-gd32v-linux/compiler/bin/../lib/gcc/riscv64-unknown-elf/8.3.0/rv32imac/ilp32/libgcc.a(_clz.o)
 .debug_str     0x000000000000436a       0xce /home/remahl/toolchain-gd32v/toolchain-gd32v-linux/compiler/bin/../lib/gcc/riscv64-unknown-elf/8.3.0/rv32imac/ilp32/libgcc.a(_udivdi3.o)
                                        0x8cd (size before relaxing)
 .debug_str     0x0000000000004438        0xa /home/remahl/toolchain-gd32v/toolchain-gd32v-linux/compiler/bin/../lib/gcc/riscv64-unknown-elf/8.3.0/rv32imac/ilp32/libgcc.a(_umoddi3.o)
                                        0x8cd (size before relaxing)
 .debug_str     0x0000000000004442       0x6c /home/remahl/toolchain-gd32v/toolchain-gd32v-linux/compiler/bin/../lib/gcc/riscv64-unknown-elf/8.3.0/rv32imac/ilp32/libgcc.a(eqtf2.o)
                                        0x2aa (size before relaxing)
 .debug_str     0x00000000000044ae       0x38 /home/remahl/toolchain-gd32v/toolchain-gd32v-linux/compiler/bin/../lib/gcc/riscv64-unknown-elf/8.3.0/rv32imac/ilp32/libgcc.a(getf2.o)
                                        0x2ce (size before relaxing)
 .debug_str     0x00000000000044e6       0x38 /home/remahl/toolchain-gd32v/toolchain-gd32v-linux/compiler/bin/../lib/gcc/riscv64-unknown-elf/8.3.0/rv32imac/ilp32/libgcc.a(letf2.o)
                                        0x2ce (size before relaxing)
 .debug_str     0x000000000000451e      0x299 /home/remahl/toolchain-gd32v/toolchain-gd32v-linux/compiler/bin/../lib/gcc/riscv64-unknown-elf/8.3.0/rv32imac/ilp32/libgcc.a(multf3.o)
                                        0x634 (size before relaxing)
 .debug_str     0x00000000000047b7      0x123 /home/remahl/toolchain-gd32v/toolchain-gd32v-linux/compiler/bin/../lib/gcc/riscv64-unknown-elf/8.3.0/rv32imac/ilp32/libgcc.a(subtf3.o)
                                        0x501 (size before relaxing)
 .debug_str     0x00000000000048da       0x4f /home/remahl/toolchain-gd32v/toolchain-gd32v-linux/compiler/bin/../lib/gcc/riscv64-unknown-elf/8.3.0/rv32imac/ilp32/libgcc.a(fixtfsi.o)
                                        0x312 (size before relaxing)
 .debug_str     0x0000000000004929       0x40 /home/remahl/toolchain-gd32v/toolchain-gd32v-linux/compiler/bin/../lib/gcc/riscv64-unknown-elf/8.3.0/rv32imac/ilp32/libgcc.a(floatsitf.o)
                                        0x3d9 (size before relaxing)
 .debug_str     0x0000000000004969       0x51 /home/remahl/toolchain-gd32v/toolchain-gd32v-linux/compiler/bin/../lib/gcc/riscv64-unknown-elf/8.3.0/rv32imac/ilp32/libgcc.a(extenddftf2.o)
                                        0x326 (size before relaxing)
 .debug_str     0x00000000000049ba       0x42 /home/remahl/toolchain-gd32v/toolchain-gd32v-linux/compiler/bin/../lib/gcc/riscv64-unknown-elf/8.3.0/rv32imac/ilp32/libgcc.a(trunctfdf2.o)
                                        0x45d (size before relaxing)

.comment        0x0000000000000000       0x28
 .comment       0x0000000000000000       0x28 build/gd32vf103_eclic.o
                                         0x29 (size before relaxing)
 .comment       0x0000000000000028       0x29 build/gd32vf103_dma.o
 .comment       0x0000000000000028       0x29 build/gd32vf103_timer.o
 .comment       0x0000000000000028       0x29 build/gd32vf103_usart.o
 .comment       0x0000000000000028       0x29 build/gd32vf103_adc.o
 .comment       0x0000000000000028       0x29 build/gd32vf103_rcu.o
 .comment       0x0000000000000028       0x29 build/gd32vf103_gpio.o
 .comment       0x0000000000000028       0x29 build/system_gd32vf103.o
 .comment       0x0000000000000028       0x29 build/_exit.o
 .comment       0x0000000000000028       0x29 build/write_hex.o
 .comment       0x0000000000000028       0x29 build/sbrk.o
 .comment       0x0000000000000028       0x29 build/n200_func.o
 .comment       0x0000000000000028       0x29 build/handlers.o
 .comment       0x0000000000000028       0x29 build/init.o
 .comment       0x0000000000000028       0x29 build/liobt.o
 .comment       0x0000000000000028       0x29 build/main.o
 .comment       0x0000000000000028       0x29 build/systick.o
 .comment       0x0000000000000028       0x29 /home/remahl/toolchain-gd32v/toolchain-gd32v-linux/compiler/bin/../lib/gcc/riscv64-unknown-elf/8.3.0/rv32imac/ilp32/libgcc.a(divdf3.o)
 .comment       0x0000000000000028       0x29 /home/remahl/toolchain-gd32v/toolchain-gd32v-linux/compiler/bin/../lib/gcc/riscv64-unknown-elf/8.3.0/rv32imac/ilp32/libgcc.a(ledf2.o)
 .comment       0x0000000000000028       0x29 /home/remahl/toolchain-gd32v/toolchain-gd32v-linux/compiler/bin/../lib/gcc/riscv64-unknown-elf/8.3.0/rv32imac/ilp32/libgcc.a(muldf3.o)
 .comment       0x0000000000000028       0x29 /home/remahl/toolchain-gd32v/toolchain-gd32v-linux/compiler/bin/../lib/gcc/riscv64-unknown-elf/8.3.0/rv32imac/ilp32/libgcc.a(floatunsidf.o)
 .comment       0x0000000000000028       0x29 /home/remahl/toolchain-gd32v/toolchain-gd32v-linux/compiler/bin/../lib/gcc/riscv64-unknown-elf/8.3.0/rv32imac/ilp32/libgcc.a(floatundidf.o)
 .comment       0x0000000000000028       0x29 /home/remahl/toolchain-gd32v/toolchain-gd32v-linux/compiler/bin/../lib/gcc/riscv64-unknown-elf/8.3.0/rv32imac/ilp32/libgcc.a(_lshrdi3.o)
 .comment       0x0000000000000028       0x29 /home/remahl/toolchain-gd32v/toolchain-gd32v-linux/compiler/bin/../lib/gcc/riscv64-unknown-elf/8.3.0/rv32imac/ilp32/libgcc.a(_ashldi3.o)
 .comment       0x0000000000000028       0x29 /home/remahl/toolchain-gd32v/toolchain-gd32v-linux/compiler/bin/../lib/gcc/riscv64-unknown-elf/8.3.0/rv32imac/ilp32/libgcc.a(_clzsi2.o)
 .comment       0x0000000000000028       0x29 /home/remahl/toolchain-gd32v/toolchain-gd32v-linux/compiler/bin/../lib/gcc/riscv64-unknown-elf/8.3.0/rv32imac/ilp32/libgcc.a(_clz.o)
 .comment       0x0000000000000028       0x29 /home/remahl/toolchain-gd32v/toolchain-gd32v-linux/compiler/bin/../lib/gcc/riscv64-unknown-elf/8.3.0/../../../../riscv64-unknown-elf/lib/rv32imac/ilp32/libc.a(lib_a-atexit.o)
 .comment       0x0000000000000028       0x29 /home/remahl/toolchain-gd32v/toolchain-gd32v-linux/compiler/bin/../lib/gcc/riscv64-unknown-elf/8.3.0/../../../../riscv64-unknown-elf/lib/rv32imac/ilp32/libc.a(lib_a-exit.o)
 .comment       0x0000000000000028       0x29 /home/remahl/toolchain-gd32v/toolchain-gd32v-linux/compiler/bin/../lib/gcc/riscv64-unknown-elf/8.3.0/../../../../riscv64-unknown-elf/lib/rv32imac/ilp32/libc.a(lib_a-fini.o)
 .comment       0x0000000000000028       0x29 /home/remahl/toolchain-gd32v/toolchain-gd32v-linux/compiler/bin/../lib/gcc/riscv64-unknown-elf/8.3.0/../../../../riscv64-unknown-elf/lib/rv32imac/ilp32/libc.a(lib_a-impure.o)
 .comment       0x0000000000000028       0x29 /home/remahl/toolchain-gd32v/toolchain-gd32v-linux/compiler/bin/../lib/gcc/riscv64-unknown-elf/8.3.0/../../../../riscv64-unknown-elf/lib/rv32imac/ilp32/libc.a(lib_a-init.o)
 .comment       0x0000000000000028       0x29 /home/remahl/toolchain-gd32v/toolchain-gd32v-linux/compiler/bin/../lib/gcc/riscv64-unknown-elf/8.3.0/../../../../riscv64-unknown-elf/lib/rv32imac/ilp32/libc.a(lib_a-sprintf.o)
 .comment       0x0000000000000028       0x29 /home/remahl/toolchain-gd32v/toolchain-gd32v-linux/compiler/bin/../lib/gcc/riscv64-unknown-elf/8.3.0/../../../../riscv64-unknown-elf/lib/rv32imac/ilp32/libc.a(lib_a-strlen.o)
 .comment       0x0000000000000028       0x29 /home/remahl/toolchain-gd32v/toolchain-gd32v-linux/compiler/bin/../lib/gcc/riscv64-unknown-elf/8.3.0/../../../../riscv64-unknown-elf/lib/rv32imac/ilp32/libc.a(lib_a-strncpy.o)
 .comment       0x0000000000000028       0x29 /home/remahl/toolchain-gd32v/toolchain-gd32v-linux/compiler/bin/../lib/gcc/riscv64-unknown-elf/8.3.0/../../../../riscv64-unknown-elf/lib/rv32imac/ilp32/libc.a(lib_a-svfprintf.o)
 .comment       0x0000000000000028       0x29 /home/remahl/toolchain-gd32v/toolchain-gd32v-linux/compiler/bin/../lib/gcc/riscv64-unknown-elf/8.3.0/../../../../riscv64-unknown-elf/lib/rv32imac/ilp32/libc.a(lib_a-syswrite.o)
 .comment       0x0000000000000028       0x29 /home/remahl/toolchain-gd32v/toolchain-gd32v-linux/compiler/bin/../lib/gcc/riscv64-unknown-elf/8.3.0/../../../../riscv64-unknown-elf/lib/rv32imac/ilp32/libc.a(lib_a-writer.o)
 .comment       0x0000000000000028       0x29 /home/remahl/toolchain-gd32v/toolchain-gd32v-linux/compiler/bin/../lib/gcc/riscv64-unknown-elf/8.3.0/../../../../riscv64-unknown-elf/lib/rv32imac/ilp32/libc.a(lib_a-__atexit.o)
 .comment       0x0000000000000028       0x29 /home/remahl/toolchain-gd32v/toolchain-gd32v-linux/compiler/bin/../lib/gcc/riscv64-unknown-elf/8.3.0/../../../../riscv64-unknown-elf/lib/rv32imac/ilp32/libc.a(lib_a-__call_atexit.o)
 .comment       0x0000000000000028       0x29 /home/remahl/toolchain-gd32v/toolchain-gd32v-linux/compiler/bin/../lib/gcc/riscv64-unknown-elf/8.3.0/../../../../riscv64-unknown-elf/lib/rv32imac/ilp32/libc.a(lib_a-freer.o)
 .comment       0x0000000000000028       0x29 /home/remahl/toolchain-gd32v/toolchain-gd32v-linux/compiler/bin/../lib/gcc/riscv64-unknown-elf/8.3.0/../../../../riscv64-unknown-elf/lib/rv32imac/ilp32/libc.a(lib_a-ldtoa.o)
 .comment       0x0000000000000028       0x29 /home/remahl/toolchain-gd32v/toolchain-gd32v-linux/compiler/bin/../lib/gcc/riscv64-unknown-elf/8.3.0/../../../../riscv64-unknown-elf/lib/rv32imac/ilp32/libc.a(lib_a-localeconv.o)
 .comment       0x0000000000000028       0x29 /home/remahl/toolchain-gd32v/toolchain-gd32v-linux/compiler/bin/../lib/gcc/riscv64-unknown-elf/8.3.0/../../../../riscv64-unknown-elf/lib/rv32imac/ilp32/libc.a(lib_a-locale.o)
 .comment       0x0000000000000028       0x29 /home/remahl/toolchain-gd32v/toolchain-gd32v-linux/compiler/bin/../lib/gcc/riscv64-unknown-elf/8.3.0/../../../../riscv64-unknown-elf/lib/rv32imac/ilp32/libc.a(lib_a-mallocr.o)
 .comment       0x0000000000000028       0x29 /home/remahl/toolchain-gd32v/toolchain-gd32v-linux/compiler/bin/../lib/gcc/riscv64-unknown-elf/8.3.0/../../../../riscv64-unknown-elf/lib/rv32imac/ilp32/libc.a(lib_a-mbtowc_r.o)
 .comment       0x0000000000000028       0x29 /home/remahl/toolchain-gd32v/toolchain-gd32v-linux/compiler/bin/../lib/gcc/riscv64-unknown-elf/8.3.0/../../../../riscv64-unknown-elf/lib/rv32imac/ilp32/libc.a(lib_a-memchr.o)
 .comment       0x0000000000000028       0x29 /home/remahl/toolchain-gd32v/toolchain-gd32v-linux/compiler/bin/../lib/gcc/riscv64-unknown-elf/8.3.0/../../../../riscv64-unknown-elf/lib/rv32imac/ilp32/libc.a(lib_a-mlock.o)
 .comment       0x0000000000000028       0x29 /home/remahl/toolchain-gd32v/toolchain-gd32v-linux/compiler/bin/../lib/gcc/riscv64-unknown-elf/8.3.0/../../../../riscv64-unknown-elf/lib/rv32imac/ilp32/libc.a(lib_a-mprec.o)
 .comment       0x0000000000000028       0x29 /home/remahl/toolchain-gd32v/toolchain-gd32v-linux/compiler/bin/../lib/gcc/riscv64-unknown-elf/8.3.0/../../../../riscv64-unknown-elf/lib/rv32imac/ilp32/libc.a(lib_a-reent.o)
 .comment       0x0000000000000028       0x29 /home/remahl/toolchain-gd32v/toolchain-gd32v-linux/compiler/bin/../lib/gcc/riscv64-unknown-elf/8.3.0/../../../../riscv64-unknown-elf/lib/rv32imac/ilp32/libc.a(lib_a-sbrkr.o)
 .comment       0x0000000000000028       0x29 /home/remahl/toolchain-gd32v/toolchain-gd32v-linux/compiler/bin/../lib/gcc/riscv64-unknown-elf/8.3.0/../../../../riscv64-unknown-elf/lib/rv32imac/ilp32/libc.a(lib_a-s_frexp.o)
 .comment       0x0000000000000028       0x29 /home/remahl/toolchain-gd32v/toolchain-gd32v-linux/compiler/bin/../lib/gcc/riscv64-unknown-elf/8.3.0/../../../../riscv64-unknown-elf/lib/rv32imac/ilp32/libc.a(lib_a-strcpy.o)
 .comment       0x0000000000000028       0x29 /home/remahl/toolchain-gd32v/toolchain-gd32v-linux/compiler/bin/../lib/gcc/riscv64-unknown-elf/8.3.0/../../../../riscv64-unknown-elf/lib/rv32imac/ilp32/libc.a(lib_a-svfiprintf.o)
 .comment       0x0000000000000028       0x29 /home/remahl/toolchain-gd32v/toolchain-gd32v-linux/compiler/bin/../lib/gcc/riscv64-unknown-elf/8.3.0/../../../../riscv64-unknown-elf/lib/rv32imac/ilp32/libc.a(lib_a-wctomb_r.o)
 .comment       0x0000000000000028       0x29 /home/remahl/toolchain-gd32v/toolchain-gd32v-linux/compiler/bin/../lib/gcc/riscv64-unknown-elf/8.3.0/../../../../riscv64-unknown-elf/lib/rv32imac/ilp32/libc.a(lib_a-callocr.o)
 .comment       0x0000000000000028       0x29 /home/remahl/toolchain-gd32v/toolchain-gd32v-linux/compiler/bin/../lib/gcc/riscv64-unknown-elf/8.3.0/../../../../riscv64-unknown-elf/lib/rv32imac/ilp32/libc.a(lib_a-ctype_.o)
 .comment       0x0000000000000028       0x29 /home/remahl/toolchain-gd32v/toolchain-gd32v-linux/compiler/bin/../lib/gcc/riscv64-unknown-elf/8.3.0/../../../../riscv64-unknown-elf/lib/rv32imac/ilp32/libc.a(lib_a-memcpy.o)
 .comment       0x0000000000000028       0x29 /home/remahl/toolchain-gd32v/toolchain-gd32v-linux/compiler/bin/../lib/gcc/riscv64-unknown-elf/8.3.0/../../../../riscv64-unknown-elf/lib/rv32imac/ilp32/libc.a(lib_a-memmove-stub.o)
 .comment       0x0000000000000028       0x29 /home/remahl/toolchain-gd32v/toolchain-gd32v-linux/compiler/bin/../lib/gcc/riscv64-unknown-elf/8.3.0/../../../../riscv64-unknown-elf/lib/rv32imac/ilp32/libc.a(lib_a-reallocr.o)
 .comment       0x0000000000000028       0x29 /home/remahl/toolchain-gd32v/toolchain-gd32v-linux/compiler/bin/../lib/gcc/riscv64-unknown-elf/8.3.0/../../../../riscv64-unknown-elf/lib/rv32imac/ilp32/libgloss.a(sys_write.o)
 .comment       0x0000000000000028       0x29 /home/remahl/toolchain-gd32v/toolchain-gd32v-linux/compiler/bin/../lib/gcc/riscv64-unknown-elf/8.3.0/../../../../riscv64-unknown-elf/lib/rv32imac/ilp32/libc.a(lib_a-errno.o)
 .comment       0x0000000000000028       0x29 /home/remahl/toolchain-gd32v/toolchain-gd32v-linux/compiler/bin/../lib/gcc/riscv64-unknown-elf/8.3.0/rv32imac/ilp32/libgcc.a(_udivdi3.o)
 .comment       0x0000000000000028       0x29 /home/remahl/toolchain-gd32v/toolchain-gd32v-linux/compiler/bin/../lib/gcc/riscv64-unknown-elf/8.3.0/rv32imac/ilp32/libgcc.a(_umoddi3.o)
 .comment       0x0000000000000028       0x29 /home/remahl/toolchain-gd32v/toolchain-gd32v-linux/compiler/bin/../lib/gcc/riscv64-unknown-elf/8.3.0/rv32imac/ilp32/libgcc.a(eqtf2.o)
 .comment       0x0000000000000028       0x29 /home/remahl/toolchain-gd32v/toolchain-gd32v-linux/compiler/bin/../lib/gcc/riscv64-unknown-elf/8.3.0/rv32imac/ilp32/libgcc.a(getf2.o)
 .comment       0x0000000000000028       0x29 /home/remahl/toolchain-gd32v/toolchain-gd32v-linux/compiler/bin/../lib/gcc/riscv64-unknown-elf/8.3.0/rv32imac/ilp32/libgcc.a(letf2.o)
 .comment       0x0000000000000028       0x29 /home/remahl/toolchain-gd32v/toolchain-gd32v-linux/compiler/bin/../lib/gcc/riscv64-unknown-elf/8.3.0/rv32imac/ilp32/libgcc.a(multf3.o)
 .comment       0x0000000000000028       0x29 /home/remahl/toolchain-gd32v/toolchain-gd32v-linux/compiler/bin/../lib/gcc/riscv64-unknown-elf/8.3.0/rv32imac/ilp32/libgcc.a(subtf3.o)
 .comment       0x0000000000000028       0x29 /home/remahl/toolchain-gd32v/toolchain-gd32v-linux/compiler/bin/../lib/gcc/riscv64-unknown-elf/8.3.0/rv32imac/ilp32/libgcc.a(fixtfsi.o)
 .comment       0x0000000000000028       0x29 /home/remahl/toolchain-gd32v/toolchain-gd32v-linux/compiler/bin/../lib/gcc/riscv64-unknown-elf/8.3.0/rv32imac/ilp32/libgcc.a(floatsitf.o)
 .comment       0x0000000000000028       0x29 /home/remahl/toolchain-gd32v/toolchain-gd32v-linux/compiler/bin/../lib/gcc/riscv64-unknown-elf/8.3.0/rv32imac/ilp32/libgcc.a(extenddftf2.o)
 .comment       0x0000000000000028       0x29 /home/remahl/toolchain-gd32v/toolchain-gd32v-linux/compiler/bin/../lib/gcc/riscv64-unknown-elf/8.3.0/rv32imac/ilp32/libgcc.a(trunctfdf2.o)

.riscv.attributes
                0x0000000000000000       0x2b
 .riscv.attributes
                0x0000000000000000       0x2b build/gd32vf103_eclic.o
 .riscv.attributes
                0x000000000000002b       0x2b build/gd32vf103_dma.o
 .riscv.attributes
                0x0000000000000056       0x2b build/gd32vf103_timer.o
 .riscv.attributes
                0x0000000000000081       0x2b build/gd32vf103_usart.o
 .riscv.attributes
                0x00000000000000ac       0x2b build/gd32vf103_adc.o
 .riscv.attributes
                0x00000000000000d7       0x2b build/gd32vf103_rcu.o
 .riscv.attributes
                0x0000000000000102       0x2b build/gd32vf103_gpio.o
 .riscv.attributes
                0x000000000000012d       0x2b build/system_gd32vf103.o
 .riscv.attributes
                0x0000000000000158       0x2b build/_exit.o
 .riscv.attributes
                0x0000000000000183       0x2b build/write_hex.o
 .riscv.attributes
                0x00000000000001ae       0x2b build/sbrk.o
 .riscv.attributes
                0x00000000000001d9       0x2b build/n200_func.o
 .riscv.attributes
                0x0000000000000204       0x2b build/handlers.o
 .riscv.attributes
                0x000000000000022f       0x2b build/init.o
 .riscv.attributes
                0x000000000000025a       0x2b build/liobt.o
 .riscv.attributes
                0x0000000000000285       0x2b build/main.o